#! /usr/bin/env bash
exec /home/felipe-zorro/miniconda3/envs/digital/bin/vvp -f "$0" "$@" <<'# EOF'
:ivl_version "13.0 (devel)" "(0_8-6859-gf50cc35d2-dirty)";
:ivl_delay_selection "TYPICAL";
:vpi_time_precision - 9;
:vpi_module "/home/felipe-zorro/miniconda3/envs/digital/lib/ivl/system.vpi";
:vpi_module "/home/felipe-zorro/miniconda3/envs/digital/lib/ivl/vhdl_sys.vpi";
:vpi_module "/home/felipe-zorro/miniconda3/envs/digital/lib/ivl/vhdl_textio.vpi";
:vpi_module "/home/felipe-zorro/miniconda3/envs/digital/lib/ivl/v2005_math.vpi";
:vpi_module "/home/felipe-zorro/miniconda3/envs/digital/lib/ivl/va_math.vpi";
S_0x25c383a0 .scope module, "mult_TB" "mult_TB" 2 4;
 .timescale -9 -9;
P_0x25be4890 .param/real "DUTY_CYCLE" 0 2 27, Cr<m4000000000000000gfc1>; value=0.500000
P_0x25be48d0 .param/l "OFFSET" 0 2 28, +C4<00000000000000000000000000000000>;
P_0x25be4910 .param/l "PERIOD" 0 2 26, +C4<00000000000000000000000000010100>;
v0x25c60710_0 .var "clk", 0 0;
v0x25c607d0_0 .net "done", 0 0, v0x25c5f590_0;  1 drivers
v0x25c60890_0 .var "i", 20 0;
v0x25c60930_0 .var "in_A", 15 0;
v0x25c60a40_0 .var "in_B", 15 0;
v0x25c60ba0_0 .var "rst", 0 0;
v0x25c60c90_0 .var "start", 0 0;
v0x25c60d80_0 .net "w_R", 31 0, v0x25c3f790_0;  1 drivers
E_0x25c369f0 .event "reset_trigger";
E_0x25c073a0 .event "reset_done_trigger";
S_0x25c38620 .scope begin, "TEST_CASE" "TEST_CASE" 2 109, 2 109 0, S_0x25c383a0;
 .timescale -9 -9;
S_0x25c236b0 .scope module, "uut" "mult" 2 16, 3 1 0, S_0x25c383a0;
 .timescale -9 -9;
    .port_info 0 /INPUT 1 "clk";
    .port_info 1 /INPUT 1 "rst";
    .port_info 2 /INPUT 1 "init";
    .port_info 3 /INPUT 16 "A";
    .port_info 4 /INPUT 16 "B";
    .port_info 5 /OUTPUT 32 "R";
    .port_info 6 /OUTPUT 1 "done";
v0x25c5fc40_0 .net "A", 15 0, v0x25c60930_0;  1 drivers
v0x25c5fd20_0 .net "B", 15 0, v0x25c60a40_0;  1 drivers
v0x25c5fdc0_0 .net "R", 31 0, v0x25c3f790_0;  alias, 1 drivers
v0x25c5fec0_0 .net "clk", 0 0, v0x25c60710_0;  1 drivers
v0x25c5ff60_0 .net "done", 0 0, v0x25c5f590_0;  alias, 1 drivers
v0x25c60000_0 .net "init", 0 0, v0x25c60c90_0;  1 drivers
v0x25c600d0_0 .net "rst", 0 0, v0x25c60ba0_0;  1 drivers
v0x25c601a0_0 .net "w_a", 15 0, L_0x25c60e90;  1 drivers
v0x25c60270_0 .net "w_acc", 0 0, v0x25c5f200_0;  1 drivers
v0x25c60310_0 .net "w_b", 15 0, v0x25c5e6c0_0;  1 drivers
v0x25c603b0_0 .net "w_c", 0 0, L_0x25c70f90;  1 drivers
v0x25c604a0_0 .net "w_ld", 0 0, v0x25c5f710_0;  1 drivers
v0x25c605d0_0 .net "w_sh", 0 0, v0x25c5f870_0;  1 drivers
L_0x25c60e90 .part v0x25c5e010_0, 0, 16;
L_0x25c71080 .part v0x25c5e6c0_0, 0, 1;
S_0x25c23890 .scope module, "acc0" "acc" 3 29, 4 1 0, S_0x25c236b0;
 .timescale -9 -9;
    .port_info 0 /INPUT 1 "clk";
    .port_info 1 /INPUT 1 "acc";
    .port_info 2 /INPUT 1 "reset";
    .port_info 3 /INPUT 16 "A";
    .port_info 4 /OUTPUT 32 "R";
v0x25c3f440_0 .net "A", 15 0, L_0x25c60e90;  alias, 1 drivers
v0x25c3f790_0 .var "R", 31 0;
v0x25c3fbd0_0 .net "acc", 0 0, v0x25c5f200_0;  alias, 1 drivers
v0x25c403a0_0 .net "clk", 0 0, v0x25c60710_0;  alias, 1 drivers
v0x25c17150_0 .net "reset", 0 0, v0x25c5f710_0;  alias, 1 drivers
E_0x25c40ee0 .event negedge, v0x25c403a0_0;
S_0x25c5d980 .scope module, "comp0" "comp" 3 26, 5 1 0, S_0x25c236b0;
 .timescale -9 -9;
    .port_info 0 /INPUT 16 "B";
    .port_info 1 /OUTPUT 1 "c";
v0x25c11840_0 .net "B", 15 0, v0x25c5e6c0_0;  alias, 1 drivers
L_0x7447b4959018 .functor BUFT 1, C4<0000000000000000>, C4<0>, C4<0>, C4<0>;
v0x25c10ca0_0 .net/2u *"_ivl_0", 15 0, L_0x7447b4959018;  1 drivers
v0x25c5dc70_0 .net "c", 0 0, L_0x25c70f90;  alias, 1 drivers
L_0x25c70f90 .cmp/eq 16, v0x25c5e6c0_0, L_0x7447b4959018;
S_0x25c5dd70 .scope module, "regA0" "regA" 3 22, 6 1 0, S_0x25c236b0;
 .timescale -9 -9;
    .port_info 0 /INPUT 1 "clk";
    .port_info 1 /INPUT 1 "load";
    .port_info 2 /INPUT 1 "shift";
    .port_info 3 /INPUT 16 "A";
    .port_info 4 /OUTPUT 32 "Aout";
v0x25c5df50_0 .net "A", 15 0, v0x25c60930_0;  alias, 1 drivers
v0x25c5e010_0 .var "Aout", 31 0;
v0x25c5e0f0_0 .net "clk", 0 0, v0x25c60710_0;  alias, 1 drivers
v0x25c5e1c0_0 .net "load", 0 0, v0x25c5f710_0;  alias, 1 drivers
v0x25c5e290_0 .net "shift", 0 0, v0x25c5f870_0;  alias, 1 drivers
S_0x25c5e3e0 .scope module, "regB0" "regB" 3 24, 7 1 0, S_0x25c236b0;
 .timescale -9 -9;
    .port_info 0 /INPUT 1 "clk";
    .port_info 1 /INPUT 1 "load";
    .port_info 2 /INPUT 1 "shift";
    .port_info 3 /INPUT 16 "B";
    .port_info 4 /OUTPUT 16 "Bout";
v0x25c5e5c0_0 .net "B", 15 0, v0x25c60a40_0;  alias, 1 drivers
v0x25c5e6c0_0 .var "Bout", 15 0;
v0x25c5e7b0_0 .net "clk", 0 0, v0x25c60710_0;  alias, 1 drivers
v0x25c5e8d0_0 .net "load", 0 0, v0x25c5f710_0;  alias, 1 drivers
v0x25c5e9c0_0 .net "shift", 0 0, v0x25c5f870_0;  alias, 1 drivers
S_0x25c5eaf0 .scope module, "state_machinemult0" "state_machinemult" 3 32, 8 1 0, S_0x25c236b0;
 .timescale -9 -9;
    .port_info 0 /INPUT 1 "clk";
    .port_info 1 /INPUT 1 "rst";
    .port_info 2 /INPUT 1 "init";
    .port_info 3 /INPUT 1 "c";
    .port_info 4 /INPUT 1 "b0";
    .port_info 5 /OUTPUT 1 "acc";
    .port_info 6 /OUTPUT 1 "ld";
    .port_info 7 /OUTPUT 1 "sh";
    .port_info 8 /OUTPUT 1 "done";
P_0x25c5ed20 .param/l "ACUMU" 0 8 16, C4<010>;
P_0x25c5ed60 .param/l "CHECK0" 0 8 15, C4<001>;
P_0x25c5eda0 .param/l "CHECK1" 0 8 18, C4<100>;
P_0x25c5ede0 .param/l "END" 0 8 19, C4<101>;
P_0x25c5ee20 .param/l "SHIFT" 0 8 17, C4<011>;
P_0x25c5ee60 .param/l "START" 0 8 14, C4<000>;
v0x25c5f200_0 .var "acc", 0 0;
v0x25c5f2c0_0 .net "b0", 0 0, L_0x25c71080;  1 drivers
v0x25c5f360_0 .net "c", 0 0, L_0x25c70f90;  alias, 1 drivers
v0x25c5f400_0 .net "clk", 0 0, v0x25c60710_0;  alias, 1 drivers
v0x25c5f4a0_0 .var "counter", 4 0;
v0x25c5f590_0 .var "done", 0 0;
v0x25c5f650_0 .net "init", 0 0, v0x25c60c90_0;  alias, 1 drivers
v0x25c5f710_0 .var "ld", 0 0;
v0x25c5f7b0_0 .net "rst", 0 0, v0x25c60ba0_0;  alias, 1 drivers
v0x25c5f870_0 .var "sh", 0 0;
v0x25c5f910_0 .var "state", 2 0;
v0x25c5f9f0_0 .var "state_name", 320 1;
E_0x25c40ca0 .event anyedge, v0x25c5f910_0;
E_0x25c40f20 .event posedge, v0x25c403a0_0;
    .scope S_0x25c5dd70;
T_0 ;
    %pushi/vec4 0, 0, 32;
    %store/vec4 v0x25c5e010_0, 0, 32;
    %end;
    .thread T_0;
    .scope S_0x25c5dd70;
T_1 ;
    %wait E_0x25c40ee0;
    %load/vec4 v0x25c5e1c0_0;
    %flag_set/vec4 8;
    %jmp/0xz  T_1.0, 8;
    %pushi/vec4 0, 0, 16;
    %load/vec4 v0x25c5df50_0;
    %concat/vec4; draw_concat_vec4
    %assign/vec4 v0x25c5e010_0, 0;
    %jmp T_1.1;
T_1.0 ;
    %load/vec4 v0x25c5e290_0;
    %flag_set/vec4 8;
    %jmp/0xz  T_1.2, 8;
    %load/vec4 v0x25c5e010_0;
    %ix/load 4, 1, 0;
    %flag_set/imm 4, 0;
    %shiftl 4;
    %assign/vec4 v0x25c5e010_0, 0;
T_1.2 ;
T_1.1 ;
    %jmp T_1;
    .thread T_1;
    .scope S_0x25c5e3e0;
T_2 ;
    %wait E_0x25c40ee0;
    %load/vec4 v0x25c5e8d0_0;
    %flag_set/vec4 8;
    %jmp/0xz  T_2.0, 8;
    %load/vec4 v0x25c5e5c0_0;
    %assign/vec4 v0x25c5e6c0_0, 0;
    %jmp T_2.1;
T_2.0 ;
    %load/vec4 v0x25c5e9c0_0;
    %flag_set/vec4 8;
    %jmp/0xz  T_2.2, 8;
    %load/vec4 v0x25c5e6c0_0;
    %ix/load 4, 1, 0;
    %flag_set/imm 4, 0;
    %shiftr 4;
    %assign/vec4 v0x25c5e6c0_0, 0;
T_2.2 ;
T_2.1 ;
    %jmp T_2;
    .thread T_2;
    .scope S_0x25c23890;
T_3 ;
    %pushi/vec4 0, 0, 32;
    %store/vec4 v0x25c3f790_0, 0, 32;
    %end;
    .thread T_3;
    .scope S_0x25c23890;
T_4 ;
    %wait E_0x25c40ee0;
    %load/vec4 v0x25c17150_0;
    %flag_set/vec4 8;
    %jmp/0xz  T_4.0, 8;
    %pushi/vec4 0, 0, 32;
    %assign/vec4 v0x25c3f790_0, 0;
    %jmp T_4.1;
T_4.0 ;
    %load/vec4 v0x25c3fbd0_0;
    %flag_set/vec4 8;
    %jmp/0xz  T_4.2, 8;
    %load/vec4 v0x25c3f790_0;
    %pushi/vec4 0, 0, 16;
    %load/vec4 v0x25c3f440_0;
    %concat/vec4; draw_concat_vec4
    %add;
    %assign/vec4 v0x25c3f790_0, 0;
T_4.2 ;
T_4.1 ;
    %jmp T_4;
    .thread T_4;
    .scope S_0x25c5eaf0;
T_5 ;
    %pushi/vec4 0, 0, 1;
    %store/vec4 v0x25c5f710_0, 0, 1;
    %pushi/vec4 0, 0, 1;
    %store/vec4 v0x25c5f870_0, 0, 1;
    %pushi/vec4 0, 0, 1;
    %store/vec4 v0x25c5f200_0, 0, 1;
    %pushi/vec4 0, 0, 1;
    %store/vec4 v0x25c5f590_0, 0, 1;
    %end;
    .thread T_5;
    .scope S_0x25c5eaf0;
T_6 ;
    %wait E_0x25c40f20;
    %load/vec4 v0x25c5f7b0_0;
    %flag_set/vec4 8;
    %jmp/0xz  T_6.0, 8;
    %pushi/vec4 0, 0, 3;
    %assign/vec4 v0x25c5f910_0, 0;
    %jmp T_6.1;
T_6.0 ;
    %load/vec4 v0x25c5f910_0;
    %dup/vec4;
    %pushi/vec4 0, 0, 3;
    %cmp/u;
    %jmp/1 T_6.2, 6;
    %dup/vec4;
    %pushi/vec4 1, 0, 3;
    %cmp/u;
    %jmp/1 T_6.3, 6;
    %dup/vec4;
    %pushi/vec4 2, 0, 3;
    %cmp/u;
    %jmp/1 T_6.4, 6;
    %dup/vec4;
    %pushi/vec4 3, 0, 3;
    %cmp/u;
    %jmp/1 T_6.5, 6;
    %dup/vec4;
    %pushi/vec4 4, 0, 3;
    %cmp/u;
    %jmp/1 T_6.6, 6;
    %dup/vec4;
    %pushi/vec4 5, 0, 3;
    %cmp/u;
    %jmp/1 T_6.7, 6;
    %pushi/vec4 0, 0, 3;
    %store/vec4 v0x25c5f910_0, 0, 3;
    %jmp T_6.9;
T_6.2 ;
    %load/vec4 v0x25c5f650_0;
    %flag_set/vec4 8;
    %jmp/0xz  T_6.10, 8;
    %pushi/vec4 0, 0, 5;
    %assign/vec4 v0x25c5f4a0_0, 0;
    %pushi/vec4 1, 0, 3;
    %store/vec4 v0x25c5f910_0, 0, 3;
    %jmp T_6.11;
T_6.10 ;
    %pushi/vec4 0, 0, 3;
    %store/vec4 v0x25c5f910_0, 0, 3;
T_6.11 ;
    %jmp T_6.9;
T_6.3 ;
    %load/vec4 v0x25c5f2c0_0;
    %flag_set/vec4 8;
    %jmp/0xz  T_6.12, 8;
    %pushi/vec4 2, 0, 3;
    %store/vec4 v0x25c5f910_0, 0, 3;
    %jmp T_6.13;
T_6.12 ;
    %pushi/vec4 3, 0, 3;
    %store/vec4 v0x25c5f910_0, 0, 3;
T_6.13 ;
    %jmp T_6.9;
T_6.4 ;
    %pushi/vec4 3, 0, 3;
    %store/vec4 v0x25c5f910_0, 0, 3;
    %jmp T_6.9;
T_6.5 ;
    %pushi/vec4 4, 0, 3;
    %store/vec4 v0x25c5f910_0, 0, 3;
    %jmp T_6.9;
T_6.6 ;
    %load/vec4 v0x25c5f360_0;
    %flag_set/vec4 8;
    %jmp/0xz  T_6.14, 8;
    %pushi/vec4 5, 0, 3;
    %store/vec4 v0x25c5f910_0, 0, 3;
    %jmp T_6.15;
T_6.14 ;
    %pushi/vec4 1, 0, 3;
    %store/vec4 v0x25c5f910_0, 0, 3;
T_6.15 ;
    %jmp T_6.9;
T_6.7 ;
    %load/vec4 v0x25c5f4a0_0;
    %addi 1, 0, 5;
    %assign/vec4 v0x25c5f4a0_0, 0;
    %load/vec4 v0x25c5f4a0_0;
    %pad/u 32;
    %cmpi/e 28, 0, 32;
    %jmp/0xz  T_6.16, 4;
    %pushi/vec4 0, 0, 3;
    %store/vec4 v0x25c5f910_0, 0, 3;
    %jmp T_6.17;
T_6.16 ;
    %pushi/vec4 5, 0, 3;
    %store/vec4 v0x25c5f910_0, 0, 3;
T_6.17 ;
    %jmp T_6.9;
T_6.9 ;
    %pop/vec4 1;
T_6.1 ;
    %jmp T_6;
    .thread T_6;
    .scope S_0x25c5eaf0;
T_7 ;
    %wait E_0x25c40ca0;
    %load/vec4 v0x25c5f910_0;
    %dup/vec4;
    %pushi/vec4 0, 0, 3;
    %cmp/u;
    %jmp/1 T_7.0, 6;
    %dup/vec4;
    %pushi/vec4 1, 0, 3;
    %cmp/u;
    %jmp/1 T_7.1, 6;
    %dup/vec4;
    %pushi/vec4 2, 0, 3;
    %cmp/u;
    %jmp/1 T_7.2, 6;
    %dup/vec4;
    %pushi/vec4 3, 0, 3;
    %cmp/u;
    %jmp/1 T_7.3, 6;
    %dup/vec4;
    %pushi/vec4 4, 0, 3;
    %cmp/u;
    %jmp/1 T_7.4, 6;
    %dup/vec4;
    %pushi/vec4 5, 0, 3;
    %cmp/u;
    %jmp/1 T_7.5, 6;
    %pushi/vec4 1, 0, 1;
    %store/vec4 v0x25c5f710_0, 0, 1;
    %pushi/vec4 0, 0, 1;
    %store/vec4 v0x25c5f870_0, 0, 1;
    %pushi/vec4 0, 0, 1;
    %store/vec4 v0x25c5f200_0, 0, 1;
    %pushi/vec4 0, 0, 1;
    %store/vec4 v0x25c5f590_0, 0, 1;
    %jmp T_7.7;
T_7.0 ;
    %pushi/vec4 1, 0, 1;
    %store/vec4 v0x25c5f710_0, 0, 1;
    %pushi/vec4 0, 0, 1;
    %store/vec4 v0x25c5f870_0, 0, 1;
    %pushi/vec4 0, 0, 1;
    %store/vec4 v0x25c5f200_0, 0, 1;
    %pushi/vec4 0, 0, 1;
    %store/vec4 v0x25c5f590_0, 0, 1;
    %jmp T_7.7;
T_7.1 ;
    %pushi/vec4 0, 0, 1;
    %store/vec4 v0x25c5f710_0, 0, 1;
    %pushi/vec4 0, 0, 1;
    %store/vec4 v0x25c5f870_0, 0, 1;
    %pushi/vec4 0, 0, 1;
    %store/vec4 v0x25c5f200_0, 0, 1;
    %pushi/vec4 0, 0, 1;
    %store/vec4 v0x25c5f590_0, 0, 1;
    %jmp T_7.7;
T_7.2 ;
    %pushi/vec4 0, 0, 1;
    %store/vec4 v0x25c5f710_0, 0, 1;
    %pushi/vec4 0, 0, 1;
    %store/vec4 v0x25c5f870_0, 0, 1;
    %pushi/vec4 1, 0, 1;
    %store/vec4 v0x25c5f200_0, 0, 1;
    %pushi/vec4 0, 0, 1;
    %store/vec4 v0x25c5f590_0, 0, 1;
    %jmp T_7.7;
T_7.3 ;
    %pushi/vec4 0, 0, 1;
    %store/vec4 v0x25c5f710_0, 0, 1;
    %pushi/vec4 1, 0, 1;
    %store/vec4 v0x25c5f870_0, 0, 1;
    %pushi/vec4 0, 0, 1;
    %store/vec4 v0x25c5f200_0, 0, 1;
    %pushi/vec4 0, 0, 1;
    %store/vec4 v0x25c5f590_0, 0, 1;
    %jmp T_7.7;
T_7.4 ;
    %pushi/vec4 0, 0, 1;
    %store/vec4 v0x25c5f710_0, 0, 1;
    %pushi/vec4 0, 0, 1;
    %store/vec4 v0x25c5f870_0, 0, 1;
    %pushi/vec4 0, 0, 1;
    %store/vec4 v0x25c5f200_0, 0, 1;
    %pushi/vec4 0, 0, 1;
    %store/vec4 v0x25c5f590_0, 0, 1;
    %jmp T_7.7;
T_7.5 ;
    %pushi/vec4 0, 0, 1;
    %store/vec4 v0x25c5f710_0, 0, 1;
    %pushi/vec4 0, 0, 1;
    %store/vec4 v0x25c5f870_0, 0, 1;
    %pushi/vec4 0, 0, 1;
    %store/vec4 v0x25c5f200_0, 0, 1;
    %pushi/vec4 1, 0, 1;
    %store/vec4 v0x25c5f590_0, 0, 1;
    %jmp T_7.7;
T_7.7 ;
    %pop/vec4 1;
    %jmp T_7;
    .thread T_7, $push;
    .scope S_0x25c5eaf0;
T_8 ;
    %wait E_0x25c40ca0;
    %load/vec4 v0x25c5f910_0;
    %dup/vec4;
    %pushi/vec4 0, 0, 3;
    %cmp/u;
    %jmp/1 T_8.0, 6;
    %dup/vec4;
    %pushi/vec4 1, 0, 3;
    %cmp/u;
    %jmp/1 T_8.1, 6;
    %dup/vec4;
    %pushi/vec4 4, 0, 3;
    %cmp/u;
    %jmp/1 T_8.2, 6;
    %dup/vec4;
    %pushi/vec4 3, 0, 3;
    %cmp/u;
    %jmp/1 T_8.3, 6;
    %dup/vec4;
    %pushi/vec4 2, 0, 3;
    %cmp/u;
    %jmp/1 T_8.4, 6;
    %dup/vec4;
    %pushi/vec4 5, 0, 3;
    %cmp/u;
    %jmp/1 T_8.5, 6;
    %jmp T_8.6;
T_8.0 ;
    %pushi/vec4 0, 0, 32; draw_string_vec4
    %pushi/vec4 0, 0, 32; draw_string_vec4
    %concat/vec4; draw_string_vec4
    %pushi/vec4 0, 0, 32; draw_string_vec4
    %concat/vec4; draw_string_vec4
    %pushi/vec4 0, 0, 32; draw_string_vec4
    %concat/vec4; draw_string_vec4
    %pushi/vec4 0, 0, 32; draw_string_vec4
    %concat/vec4; draw_string_vec4
    %pushi/vec4 0, 0, 32; draw_string_vec4
    %concat/vec4; draw_string_vec4
    %pushi/vec4 0, 0, 32; draw_string_vec4
    %concat/vec4; draw_string_vec4
    %pushi/vec4 0, 0, 32; draw_string_vec4
    %concat/vec4; draw_string_vec4
    %pushi/vec4 83, 0, 32; draw_string_vec4
    %concat/vec4; draw_string_vec4
    %pushi/vec4 1413567060, 0, 32; draw_string_vec4
    %concat/vec4; draw_string_vec4
    %store/vec4 v0x25c5f9f0_0, 0, 320;
    %jmp T_8.6;
T_8.1 ;
    %pushi/vec4 0, 0, 32; draw_string_vec4
    %pushi/vec4 0, 0, 32; draw_string_vec4
    %concat/vec4; draw_string_vec4
    %pushi/vec4 0, 0, 32; draw_string_vec4
    %concat/vec4; draw_string_vec4
    %pushi/vec4 0, 0, 32; draw_string_vec4
    %concat/vec4; draw_string_vec4
    %pushi/vec4 0, 0, 32; draw_string_vec4
    %concat/vec4; draw_string_vec4
    %pushi/vec4 0, 0, 32; draw_string_vec4
    %concat/vec4; draw_string_vec4
    %pushi/vec4 0, 0, 32; draw_string_vec4
    %concat/vec4; draw_string_vec4
    %pushi/vec4 0, 0, 32; draw_string_vec4
    %concat/vec4; draw_string_vec4
    %pushi/vec4 17224, 0, 32; draw_string_vec4
    %concat/vec4; draw_string_vec4
    %pushi/vec4 1162038064, 0, 32; draw_string_vec4
    %concat/vec4; draw_string_vec4
    %store/vec4 v0x25c5f9f0_0, 0, 320;
    %jmp T_8.6;
T_8.2 ;
    %pushi/vec4 0, 0, 32; draw_string_vec4
    %pushi/vec4 0, 0, 32; draw_string_vec4
    %concat/vec4; draw_string_vec4
    %pushi/vec4 0, 0, 32; draw_string_vec4
    %concat/vec4; draw_string_vec4
    %pushi/vec4 0, 0, 32; draw_string_vec4
    %concat/vec4; draw_string_vec4
    %pushi/vec4 0, 0, 32; draw_string_vec4
    %concat/vec4; draw_string_vec4
    %pushi/vec4 0, 0, 32; draw_string_vec4
    %concat/vec4; draw_string_vec4
    %pushi/vec4 0, 0, 32; draw_string_vec4
    %concat/vec4; draw_string_vec4
    %pushi/vec4 0, 0, 32; draw_string_vec4
    %concat/vec4; draw_string_vec4
    %pushi/vec4 17224, 0, 32; draw_string_vec4
    %concat/vec4; draw_string_vec4
    %pushi/vec4 1162038065, 0, 32; draw_string_vec4
    %concat/vec4; draw_string_vec4
    %store/vec4 v0x25c5f9f0_0, 0, 320;
    %jmp T_8.6;
T_8.3 ;
    %pushi/vec4 0, 0, 32; draw_string_vec4
    %pushi/vec4 0, 0, 32; draw_string_vec4
    %concat/vec4; draw_string_vec4
    %pushi/vec4 0, 0, 32; draw_string_vec4
    %concat/vec4; draw_string_vec4
    %pushi/vec4 0, 0, 32; draw_string_vec4
    %concat/vec4; draw_string_vec4
    %pushi/vec4 0, 0, 32; draw_string_vec4
    %concat/vec4; draw_string_vec4
    %pushi/vec4 0, 0, 32; draw_string_vec4
    %concat/vec4; draw_string_vec4
    %pushi/vec4 0, 0, 32; draw_string_vec4
    %concat/vec4; draw_string_vec4
    %pushi/vec4 0, 0, 32; draw_string_vec4
    %concat/vec4; draw_string_vec4
    %pushi/vec4 83, 0, 32; draw_string_vec4
    %concat/vec4; draw_string_vec4
    %pushi/vec4 1212761684, 0, 32; draw_string_vec4
    %concat/vec4; draw_string_vec4
    %store/vec4 v0x25c5f9f0_0, 0, 320;
    %jmp T_8.6;
T_8.4 ;
    %pushi/vec4 0, 0, 32; draw_string_vec4
    %pushi/vec4 0, 0, 32; draw_string_vec4
    %concat/vec4; draw_string_vec4
    %pushi/vec4 0, 0, 32; draw_string_vec4
    %concat/vec4; draw_string_vec4
    %pushi/vec4 0, 0, 32; draw_string_vec4
    %concat/vec4; draw_string_vec4
    %pushi/vec4 0, 0, 32; draw_string_vec4
    %concat/vec4; draw_string_vec4
    %pushi/vec4 0, 0, 32; draw_string_vec4
    %concat/vec4; draw_string_vec4
    %pushi/vec4 0, 0, 32; draw_string_vec4
    %concat/vec4; draw_string_vec4
    %pushi/vec4 0, 0, 32; draw_string_vec4
    %concat/vec4; draw_string_vec4
    %pushi/vec4 65, 0, 32; draw_string_vec4
    %concat/vec4; draw_string_vec4
    %pushi/vec4 1129663829, 0, 32; draw_string_vec4
    %concat/vec4; draw_string_vec4
    %store/vec4 v0x25c5f9f0_0, 0, 320;
    %jmp T_8.6;
T_8.5 ;
    %pushi/vec4 0, 0, 32; draw_string_vec4
    %pushi/vec4 0, 0, 32; draw_string_vec4
    %concat/vec4; draw_string_vec4
    %pushi/vec4 0, 0, 32; draw_string_vec4
    %concat/vec4; draw_string_vec4
    %pushi/vec4 0, 0, 32; draw_string_vec4
    %concat/vec4; draw_string_vec4
    %pushi/vec4 0, 0, 32; draw_string_vec4
    %concat/vec4; draw_string_vec4
    %pushi/vec4 0, 0, 32; draw_string_vec4
    %concat/vec4; draw_string_vec4
    %pushi/vec4 0, 0, 32; draw_string_vec4
    %concat/vec4; draw_string_vec4
    %pushi/vec4 0, 0, 32; draw_string_vec4
    %concat/vec4; draw_string_vec4
    %pushi/vec4 0, 0, 32; draw_string_vec4
    %concat/vec4; draw_string_vec4
    %pushi/vec4 4542020, 0, 32; draw_string_vec4
    %concat/vec4; draw_string_vec4
    %store/vec4 v0x25c5f9f0_0, 0, 320;
    %jmp T_8.6;
T_8.6 ;
    %pop/vec4 1;
    %jmp T_8;
    .thread T_8, $push;
    .scope S_0x25c383a0;
T_9 ;
T_9.0 ;
    %wait E_0x25c369f0;
    %wait E_0x25c40ee0;
    %pushi/vec4 1, 0, 1;
    %store/vec4 v0x25c60ba0_0, 0, 1;
    %wait E_0x25c40ee0;
    %pushi/vec4 0, 0, 1;
    %store/vec4 v0x25c60ba0_0, 0, 1;
    %event E_0x25c073a0;
    %jmp T_9.0;
T_9.1 ;
    %end;
    .thread T_9;
    .scope S_0x25c383a0;
T_10 ;
    %pushi/vec4 0, 0, 1;
    %store/vec4 v0x25c60710_0, 0, 1;
    %pushi/vec4 1, 0, 1;
    %store/vec4 v0x25c60ba0_0, 0, 1;
    %pushi/vec4 0, 0, 1;
    %store/vec4 v0x25c60c90_0, 0, 1;
    %pushi/vec4 9, 0, 16;
    %store/vec4 v0x25c60930_0, 0, 16;
    %pushi/vec4 3, 0, 16;
    %store/vec4 v0x25c60a40_0, 0, 16;
    %end;
    .thread T_10;
    .scope S_0x25c383a0;
T_11 ;
    %delay 0, 0;
T_11.0 ;
    %pushi/vec4 0, 0, 1;
    %store/vec4 v0x25c60710_0, 0, 1;
    %delay 10, 0;
    %pushi/vec4 1, 0, 1;
    %store/vec4 v0x25c60710_0, 0, 1;
    %delay 10, 0;
    %jmp T_11.0;
T_11.1 ;
    %end;
    .thread T_11;
    .scope S_0x25c383a0;
T_12 ;
    %delay 10, 0;
    %event E_0x25c369f0;
    %wait E_0x25c073a0;
    %wait E_0x25c40f20;
    %pushi/vec4 0, 0, 1;
    %store/vec4 v0x25c60c90_0, 0, 1;
    %wait E_0x25c40f20;
    %pushi/vec4 1, 0, 1;
    %store/vec4 v0x25c60c90_0, 0, 1;
    %pushi/vec4 0, 0, 21;
    %store/vec4 v0x25c60890_0, 0, 21;
T_12.0 ; Top of for-loop 
    %load/vec4 v0x25c60890_0;
    %pad/u 32;
    %cmpi/u 2, 0, 32;
    %jmp/0xz T_12.1, 5;
    %wait E_0x25c40f20;
T_12.2 ; for-loop step statement
    %load/vec4 v0x25c60890_0;
    %addi 1, 0, 21;
    %store/vec4 v0x25c60890_0, 0, 21;
    %jmp T_12.0;
T_12.1 ; for-loop exit label
    %pushi/vec4 0, 0, 1;
    %store/vec4 v0x25c60c90_0, 0, 1;
    %pushi/vec4 0, 0, 21;
    %store/vec4 v0x25c60890_0, 0, 21;
T_12.3 ; Top of for-loop 
    %load/vec4 v0x25c60890_0;
    %pad/u 32;
    %cmpi/u 17, 0, 32;
    %jmp/0xz T_12.4, 5;
    %wait E_0x25c40f20;
T_12.5 ; for-loop step statement
    %load/vec4 v0x25c60890_0;
    %addi 1, 0, 21;
    %store/vec4 v0x25c60890_0, 0, 21;
    %jmp T_12.3;
T_12.4 ; for-loop exit label
    %end;
    .thread T_12;
    .scope S_0x25c383a0;
T_13 ;
    %fork t_1, S_0x25c38620;
    %jmp t_0;
    .scope S_0x25c38620;
t_1 ;
    %vpi_call 2 111 "$dumpfile", "mult_TB.vcd" {0 0 0};
    %vpi_call 2 112 "$dumpvars", 32'sb11111111111111111111111111111111, S_0x25c236b0 {0 0 0};
    %delay 1200, 0;
    %vpi_call 2 114 "$finish" {0 0 0};
    %end;
    .scope S_0x25c383a0;
t_0 %join;
    %end;
    .thread T_13;
# The file index is used to find the file name in the following table.
:file_names 9;
    "N/A";
    "<interactive>";
    "mult_TB.v";
    "mult.v";
    "acc.v";
    "comp.v";
    "regA.v";
    "regB.v";
    "state_machinemult.v";
# EOF
