

Info: Logic utilisation before packing:
Info:     Total LUT4s:       185/24288     0%
Info:         logic LUTs:    103/24288     0%
Info:         carry LUTs:     82/24288     0%
Info:           RAM LUTs:      0/ 3036     0%
Info:          RAMW LUTs:      0/ 6072     0%

Info:      Total DFFs:       115/24288     0%

Info: Packing IOs..
Info: pin 'led_out$tr_io' constrained to Bel 'X0/Y5/PIOD'.
Info: pin 'clk$tr_io' constrained to Bel 'X0/Y47/PIOC'.
Info: Packing constants..
Info: Packing carries...
Info: Packing LUTs...
Info: Packing LUT5-7s...
Info: Packing FFs...
Info:     65 FFs paired with LUTs.
Info: Generating derived timing constraints...
Info: Promoting globals...
Info:     promoting clock net clk$TRELLIS_IO_IN to global network
Info: Checksum: 0x06518d52

Info: Device utilisation:
Info: 	          TRELLIS_IO:       2/    197     1%
Info: 	                DCCA:       1/     56     1%
Info: 	              DP16KD:       0/     56     0%
Info: 	          MULT18X18D:       0/     28     0%
Info: 	              ALU54B:       0/     14     0%
Info: 	             EHXPLLL:       0/      2     0%
Info: 	             EXTREFB:       0/      1     0%
Info: 	                DCUA:       0/      1     0%
Info: 	           PCSCLKDIV:       0/      2     0%
Info: 	             IOLOGIC:       0/    128     0%
Info: 	            SIOLOGIC:       0/     69     0%
Info: 	                 GSR:       0/      1     0%
Info: 	               JTAGG:       0/      1     0%
Info: 	                OSCG:       0/      1     0%
Info: 	               SEDGA:       0/      1     0%
Info: 	                 DTR:       0/      1     0%
Info: 	             USRMCLK:       0/      1     0%
Info: 	             CLKDIVF:       0/      4     0%
Info: 	           ECLKSYNCB:       0/     10     0%
Info: 	             DLLDELD:       0/      8     0%
Info: 	              DDRDLL:       0/      4     0%
Info: 	             DQSBUFM:       0/      8     0%
Info: 	     TRELLIS_ECLKBUF:       0/      8     0%
Info: 	        ECLKBRIDGECS:       0/      2     0%
Info: 	                DCSC:       0/      2     0%
Info: 	          TRELLIS_FF:     115/  24288     0%
Info: 	        TRELLIS_COMB:     211/  24288     0%
Info: 	        TRELLIS_RAMW:       0/   3036     0%

Info: Placed 2 cells based on constraints.
Info: Creating initial analytic placement for 138 cells, random placement wirelen = 10060.
Info:     at initial placer iter 0, wirelen = 129
Info:     at initial placer iter 1, wirelen = 175
Info:     at initial placer iter 2, wirelen = 166
Info:     at initial placer iter 3, wirelen = 174
Info: Running main analytical placer, max placement attempts per cell = 13530.
Info:     at iteration #1, type ALL: wirelen solved = 182, spread = 749, legal = 831; time = 0.01s
Info:     at iteration #2, type ALL: wirelen solved = 82, spread = 533, legal = 614; time = 0.00s
Info:     at iteration #3, type ALL: wirelen solved = 103, spread = 459, legal = 519; time = 0.00s
Info:     at iteration #4, type ALL: wirelen solved = 130, spread = 400, legal = 468; time = 0.00s
Info:     at iteration #5, type ALL: wirelen solved = 155, spread = 392, legal = 493; time = 0.00s
Info:     at iteration #6, type ALL: wirelen solved = 132, spread = 393, legal = 455; time = 0.00s
Info:     at iteration #7, type ALL: wirelen solved = 147, spread = 421, legal = 496; time = 0.00s
Info:     at iteration #8, type ALL: wirelen solved = 150, spread = 413, legal = 544; time = 0.00s
Info:     at iteration #9, type ALL: wirelen solved = 157, spread = 364, legal = 475; time = 0.00s
Info:     at iteration #10, type ALL: wirelen solved = 162, spread = 360, legal = 454; time = 0.00s
Info:     at iteration #11, type ALL: wirelen solved = 198, spread = 350, legal = 475; time = 0.00s
Info:     at iteration #12, type ALL: wirelen solved = 193, spread = 388, legal = 479; time = 0.00s
Info:     at iteration #13, type ALL: wirelen solved = 190, spread = 448, legal = 505; time = 0.00s
Info:     at iteration #14, type ALL: wirelen solved = 202, spread = 400, legal = 492; time = 0.00s
Info:     at iteration #15, type ALL: wirelen solved = 187, spread = 441, legal = 534; time = 0.00s
Info: HeAP Placer Time: 0.06s
Info:   of which solving equations: 0.03s
Info:   of which spreading cells: 0.01s
Info:   of which strict legalisation: 0.01s

Info: Running simulated annealing placer for refinement.
Info:   at iteration #1: temp = 0.000000, timing cost = 83, wirelen = 454
Info:   at iteration #3: temp = 0.000000, timing cost = 67, wirelen = 417 
Info: SA placement time 0.02s

Info: Max frequency for clock '$glbnet$clk$TRELLIS_IO_IN': 175.69 MHz (PASS at 65.00 MHz)

Info: Max delay posedge $glbnet$clk$TRELLIS_IO_IN -> <async>: 1.80 ns

Info: Slack histogram:
Info:  legend: * represents 1 endpoint(s)
Info:          + represents [1,1) endpoint(s)
Info: [  4846,   5335) |*****+
Info: [  5335,   5824) |*********************************+
Info: [  5824,   6313) |************************************************************ 
Info: [  6313,   6802) |*************+
Info: [  6802,   7291) | 
Info: [  7291,   7780) | 
Info: [  7780,   8269) | 
Info: [  8269,   8758) | 
Info: [  8758,   9247) | 
Info: [  9247,   9736) | 
Info: [  9736,  10225) |****+
Info: [ 10225,  10714) |*********+
Info: [ 10714,  11203) |+
Info: [ 11203,  11692) |******+
Info: [ 11692,  12181) |**********+
Info: [ 12181,  12670) |*********+
Info: [ 12670,  13159) |*********************+
Info: [ 13159,  13648) |*****************+
Info: [ 13648,  14137) |********+
Info: [ 14137,  14626) |************************+
Info: Checksum: 0x240b5a28
Info: Routing globals...
Info:     routing clock net $glbnet$clk$TRELLIS_IO_IN using global 0

Info: Routing..
Info: Setting up routing queue.
Info: Routing 751 arcs.
Info:            |   (re-)routed arcs  |   delta    | remaining|       time spent     |
Info:    IterCnt |  w/ripup   wo/ripup |  w/r  wo/r |      arcs| batch(sec) total(sec)|
Info:        944 |      183        685 |  183   685 |         0|       0.06       0.06|
Info: Routing complete.
Info: Router1 time 0.06s
Info: Checksum: 0xfd07e725

Info: Critical path report for clock '$glbnet$clk$TRELLIS_IO_IN' (posedge -> negedge):
Info:       type curr  total name
Info:   clk-to-q  0.52  0.52 Source array_compa.ws2812_LED00.ws2812.control_ws.SEL_TIM_TRELLIS_FF_Q.Q
Info:    routing  0.92  1.44 Net array_compa.ws2812_LED00.ws2812.w_seltim[0] (3,2) -> (3,3)
Info:                          Sink array_compa.ws2812_LED00.ws2812.multiplexor00.out_TRELLIS_FF_Q_LSR_LUT4_Z.D
Info:                          Defined in:
Info:                               ws2812.v:15.15-15.23
Info:      logic  0.24  1.68 Source array_compa.ws2812_LED00.ws2812.multiplexor00.out_TRELLIS_FF_Q_LSR_LUT4_Z.F
Info:    routing  0.50  2.17 Net array_compa.ws2812_LED00.ws2812.multiplexor00.out_TRELLIS_FF_Q_LSR (3,3) -> (2,3)
Info:                          Sink array_compa.ws2812_LED00.ws2812.multiplexor00.out_TRELLIS_FF_Q_3.LSR
Info:      setup  0.42  2.60 Source array_compa.ws2812_LED00.ws2812.multiplexor00.out_TRELLIS_FF_Q_3.LSR
Info: 1.18 ns logic, 1.41 ns routing

Info: Critical path report for cross-domain path 'posedge $glbnet$clk$TRELLIS_IO_IN' -> '<async>':
Info:       type curr  total name
Info:   clk-to-q  0.52  0.52 Source array_compa.ws2812_LED00.ws2812.control_ws.DOUT_TRELLIS_FF_Q.Q
Info:    routing  1.43  1.95 Net led_out$TRELLIS_IO_OUT (2,2) -> (0,5)
Info:                          Sink led_out$tr_io.I
Info:                          Defined in:
Info:                               top.v:3.12-3.19
Info: 0.52 ns logic, 1.43 ns routing

Info: Max frequency for clock '$glbnet$clk$TRELLIS_IO_IN': 192.38 MHz (PASS at 65.00 MHz)

Info: Max delay posedge $glbnet$clk$TRELLIS_IO_IN -> <async>: 1.95 ns

Info: Slack histogram:
Info:  legend: * represents 1 endpoint(s)
Info:          + represents [1,1) endpoint(s)
Info: [  5093,   5561) |*****+
Info: [  5561,   6029) |**********+
Info: [  6029,   6497) |************************************************************ 
Info: [  6497,   6965) |***+
Info: [  6965,   7433) | 
Info: [  7433,   7901) | 
Info: [  7901,   8369) | 
Info: [  8369,   8837) | 
Info: [  8837,   9305) | 
Info: [  9305,   9773) | 
Info: [  9773,  10241) | 
Info: [ 10241,  10709) |****+
Info: [ 10709,  11177) |*******+
Info: [ 11177,  11645) |*+
Info: [ 11645,  12113) |******+
Info: [ 12113,  12581) |**************+
Info: [ 12581,  13049) |**********+
Info: [ 13049,  13517) |*******+
Info: [ 13517,  13985) |*******+
Info: [ 13985,  14453) |*******************+

Info: Program finished normally.
