#! /usr/bin/env bash
exec /home/felipe-zorro/miniconda3/envs/digital/bin/vvp -f "$0" "$@" <<'# EOF'
:ivl_version "13.0 (devel)" "(0_8-6859-gf50cc35d2-dirty)";
:ivl_delay_selection "TYPICAL";
:vpi_time_precision - 9;
:vpi_module "/home/felipe-zorro/miniconda3/envs/digital/lib/ivl/system.vpi";
:vpi_module "/home/felipe-zorro/miniconda3/envs/digital/lib/ivl/vhdl_sys.vpi";
:vpi_module "/home/felipe-zorro/miniconda3/envs/digital/lib/ivl/vhdl_textio.vpi";
:vpi_module "/home/felipe-zorro/miniconda3/envs/digital/lib/ivl/v2005_math.vpi";
:vpi_module "/home/felipe-zorro/miniconda3/envs/digital/lib/ivl/va_math.vpi";
S_0x2b097ab0 .scope module, "div_TB" "div_TB" 2 4;
 .timescale -9 -9;
P_0x2b03e890 .param/real "DUTY_CYCLE" 0 2 27, Cr<m4000000000000000gfc1>; value=0.500000
P_0x2b03e8d0 .param/l "OFFSET" 0 2 28, +C4<00000000000000000000000000000000>;
P_0x2b03e910 .param/l "PERIOD" 0 2 26, +C4<00000000000000000000000000010100>;
v0x2b0ca300_0 .var "clk", 0 0;
v0x2b0ca3c0_0 .net "done", 0 0, v0x2b0c82d0_0;  1 drivers
v0x2b0ca480_0 .var "i", 20 0;
v0x2b0ca520_0 .var "in_A", 15 0;
v0x2b0ca630_0 .var "in_B", 15 0;
v0x2b0ca790_0 .var "rst", 0 0;
v0x2b0ca830_0 .var "start", 0 0;
v0x2b0ca920_0 .net "w_R", 15 0, v0x2b0c7470_0;  1 drivers
E_0x2b097660 .event "reset_trigger";
E_0x2b061560 .event "reset_done_trigger";
S_0x2b097d30 .scope begin, "TEST_CASE" "TEST_CASE" 2 109, 2 109 0, S_0x2b097ab0;
 .timescale -9 -9;
S_0x2b07d6b0 .scope module, "uut" "div" 2 16, 3 1 0, S_0x2b097ab0;
 .timescale -9 -9;
    .port_info 0 /INPUT 1 "clk";
    .port_info 1 /INPUT 1 "rst";
    .port_info 2 /INPUT 1 "init";
    .port_info 3 /INPUT 16 "A";
    .port_info 4 /INPUT 16 "B";
    .port_info 5 /OUTPUT 16 "R";
    .port_info 6 /OUTPUT 1 "done";
v0x2b0c92b0_0 .net "A", 15 0, v0x2b0ca520_0;  1 drivers
v0x2b0c9370_0 .net "B", 15 0, v0x2b0ca630_0;  1 drivers
v0x2b0c9440_0 .net "R", 15 0, v0x2b0c7470_0;  alias, 1 drivers
v0x2b0c9540_0 .net "clk", 0 0, v0x2b0ca300_0;  1 drivers
v0x2b0c95e0_0 .net "done", 0 0, v0x2b0c82d0_0;  alias, 1 drivers
v0x2b0c96d0_0 .net "init", 0 0, v0x2b0ca830_0;  1 drivers
v0x2b0c97a0_0 .net "rst", 0 0, v0x2b0ca790_0;  1 drivers
v0x2b0c9890_0 .net "w_Aprimain", 15 0, L_0x2b0cacb0;  1 drivers
v0x2b0c9980_0 .net "w_Aprimaout", 15 0, L_0x2b0caa30;  1 drivers
v0x2b0c9ab0_0 .net "w_B", 15 0, v0x2b0c6f50_0;  1 drivers
v0x2b0c9b50_0 .net "w_count", 4 0, v0x2b0c5f50_0;  1 drivers
v0x2b0c9bf0_0 .net "w_f", 0 0, L_0x2b0dae40;  1 drivers
v0x2b0c9ce0_0 .net "w_inc", 0 0, v0x2b0c8440_0;  1 drivers
v0x2b0c9dd0_0 .net "w_load", 0 0, v0x2b0c8580_0;  1 drivers
v0x2b0c9e70_0 .net "w_ok", 0 0, L_0x2b0cab60;  1 drivers
v0x2b0c9f60_0 .net "w_shiftA", 0 0, v0x2b0c8870_0;  1 drivers
v0x2b0ca050_0 .net "w_shiftR", 0 0, v0x2b0c8940_0;  1 drivers
v0x2b0ca140_0 .net "w_start", 0 0, v0x2b0c8a10_0;  1 drivers
S_0x2b07d890 .scope module, "comp0" "comp" 3 28, 4 1 0, S_0x2b07d6b0;
 .timescale -9 -9;
    .port_info 0 /INPUT 16 "Aprima";
    .port_info 1 /INPUT 16 "B";
    .port_info 2 /OUTPUT 1 "ok";
v0x2b0a91c0_0 .net "Aprima", 15 0, L_0x2b0caa30;  alias, 1 drivers
v0x2b0a9600_0 .net "B", 15 0, v0x2b0c6f50_0;  alias, 1 drivers
v0x2b0a9dd0_0 .net "ok", 0 0, L_0x2b0cab60;  alias, 1 drivers
L_0x2b0cab60 .cmp/ge 16, L_0x2b0caa30, v0x2b0c6f50_0;
S_0x2b0c57f0 .scope module, "comp20" "comp2" 3 37, 5 1 0, S_0x2b07d6b0;
 .timescale -9 -9;
    .port_info 0 /INPUT 5 "count";
    .port_info 1 /OUTPUT 1 "f";
v0x2b0a34d0_0 .net *"_ivl_0", 31 0, L_0x2b0cad70;  1 drivers
L_0x7429bb586018 .functor BUFT 1, C4<000000000000000000000000000>, C4<0>, C4<0>, C4<0>;
v0x2b0703d0_0 .net *"_ivl_3", 26 0, L_0x7429bb586018;  1 drivers
L_0x7429bb586060 .functor BUFT 1, C4<00000000000000000000000000000000>, C4<0>, C4<0>, C4<0>;
v0x2b06ed00_0 .net/2u *"_ivl_4", 31 0, L_0x7429bb586060;  1 drivers
v0x2b06e6d0_0 .net "count", 4 0, v0x2b0c5f50_0;  alias, 1 drivers
v0x2b0c5b20_0 .net "f", 0 0, L_0x2b0dae40;  alias, 1 drivers
L_0x2b0cad70 .concat [ 5 27 0 0], v0x2b0c5f50_0, L_0x7429bb586018;
L_0x2b0dae40 .cmp/eq 32, L_0x2b0cad70, L_0x7429bb586060;
S_0x2b0c5c90 .scope module, "increaser0" "increaser" 3 34, 6 1 0, S_0x2b07d6b0;
 .timescale -9 -9;
    .port_info 0 /INPUT 1 "clk";
    .port_info 1 /INPUT 1 "inc";
    .port_info 2 /INPUT 1 "reset";
    .port_info 3 /OUTPUT 5 "count";
v0x2b0c5e90_0 .net "clk", 0 0, v0x2b0ca300_0;  alias, 1 drivers
v0x2b0c5f50_0 .var "count", 4 0;
v0x2b0c6010_0 .net "inc", 0 0, v0x2b0c8440_0;  alias, 1 drivers
v0x2b0c60b0_0 .net "reset", 0 0, v0x2b0c8a10_0;  alias, 1 drivers
E_0x2b0aaa40 .event negedge, v0x2b0c5e90_0;
S_0x2b0c6200 .scope module, "regA0" "regA" 3 24, 7 1 0, S_0x2b07d6b0;
 .timescale -9 -9;
    .port_info 0 /INPUT 1 "clk";
    .port_info 1 /INPUT 1 "load";
    .port_info 2 /INPUT 1 "load1";
    .port_info 3 /INPUT 1 "shiftA";
    .port_info 4 /INPUT 16 "A";
    .port_info 5 /INPUT 16 "inAprima";
    .port_info 6 /OUTPUT 16 "Aout";
v0x2b0c64d0_0 .net "A", 15 0, v0x2b0ca520_0;  alias, 1 drivers
v0x2b0c65d0_0 .net "Aout", 15 0, L_0x2b0caa30;  alias, 1 drivers
v0x2b0c6690_0 .net "clk", 0 0, v0x2b0ca300_0;  alias, 1 drivers
v0x2b0c6790_0 .net "inAprima", 15 0, L_0x2b0cacb0;  alias, 1 drivers
v0x2b0c6830_0 .net "load", 0 0, v0x2b0c8a10_0;  alias, 1 drivers
v0x2b0c6920_0 .net "load1", 0 0, v0x2b0c8580_0;  alias, 1 drivers
v0x2b0c69c0_0 .var "regA_total", 31 0;
v0x2b0c6a80_0 .net "shiftA", 0 0, v0x2b0c8870_0;  alias, 1 drivers
L_0x2b0caa30 .part v0x2b0c69c0_0, 16, 16;
S_0x2b0c6c20 .scope module, "regB0" "regB" 3 26, 8 1 0, S_0x2b07d6b0;
 .timescale -9 -9;
    .port_info 0 /INPUT 1 "clk";
    .port_info 1 /INPUT 1 "load";
    .port_info 2 /INPUT 16 "B";
    .port_info 3 /OUTPUT 16 "Bout";
v0x2b0c6e50_0 .net "B", 15 0, v0x2b0ca630_0;  alias, 1 drivers
v0x2b0c6f50_0 .var "Bout", 15 0;
v0x2b0c7040_0 .net "clk", 0 0, v0x2b0ca300_0;  alias, 1 drivers
v0x2b0c7160_0 .net "load", 0 0, v0x2b0c8a10_0;  alias, 1 drivers
S_0x2b0c7290 .scope module, "regr0" "regr" 3 32, 9 1 0, S_0x2b07d6b0;
 .timescale -9 -9;
    .port_info 0 /INPUT 1 "clk";
    .port_info 1 /INPUT 1 "rst";
    .port_info 2 /INPUT 1 "shiftR";
    .port_info 3 /INPUT 1 "add";
    .port_info 4 /OUTPUT 16 "R";
v0x2b0c7470_0 .var "R", 15 0;
v0x2b0c7570_0 .net "add", 0 0, v0x2b0c8580_0;  alias, 1 drivers
v0x2b0c7630_0 .net "clk", 0 0, v0x2b0ca300_0;  alias, 1 drivers
v0x2b0c7700_0 .net "rst", 0 0, v0x2b0ca790_0;  alias, 1 drivers
v0x2b0c77a0_0 .net "shiftR", 0 0, v0x2b0c8940_0;  alias, 1 drivers
S_0x2b0c7910 .scope module, "state_machinediv0" "state_machinediv" 3 40, 10 1 0, S_0x2b07d6b0;
 .timescale -9 -9;
    .port_info 0 /INPUT 1 "clk";
    .port_info 1 /INPUT 1 "rst";
    .port_info 2 /INPUT 1 "init";
    .port_info 3 /INPUT 1 "ok";
    .port_info 4 /INPUT 1 "f";
    .port_info 5 /OUTPUT 1 "start";
    .port_info 6 /OUTPUT 1 "shiftA";
    .port_info 7 /OUTPUT 1 "shiftR";
    .port_info 8 /OUTPUT 1 "load";
    .port_info 9 /OUTPUT 1 "inc";
    .port_info 10 /OUTPUT 1 "done";
P_0x2b0c7af0 .param/l "DECREMENTAR" 0 10 19, C4<001>;
P_0x2b0c7b30 .param/l "END" 0 10 20, C4<000>;
P_0x2b0c7b70 .param/l "R_AGG0" 0 10 17, C4<011>;
P_0x2b0c7bb0 .param/l "R_AGG1" 0 10 18, C4<010>;
P_0x2b0c7bf0 .param/l "SHIFT" 0 10 16, C4<100>;
P_0x2b0c7c30 .param/l "START" 0 10 15, C4<111>;
v0x2b0c8130_0 .net "clk", 0 0, v0x2b0ca300_0;  alias, 1 drivers
v0x2b0c81f0_0 .var "counter", 4 0;
v0x2b0c82d0_0 .var "done", 0 0;
v0x2b0c8370_0 .net "f", 0 0, L_0x2b0dae40;  alias, 1 drivers
v0x2b0c8440_0 .var "inc", 0 0;
v0x2b0c84e0_0 .net "init", 0 0, v0x2b0ca830_0;  alias, 1 drivers
v0x2b0c8580_0 .var "load", 0 0;
v0x2b0c8670_0 .net "ok", 0 0, L_0x2b0cab60;  alias, 1 drivers
v0x2b0c8710_0 .net "rst", 0 0, v0x2b0ca790_0;  alias, 1 drivers
v0x2b0c8870_0 .var "shiftA", 0 0;
v0x2b0c8940_0 .var "shiftR", 0 0;
v0x2b0c8a10_0 .var "start", 0 0;
v0x2b0c8ab0_0 .var "state", 2 0;
v0x2b0c8b50_0 .var "state_name", 320 1;
E_0x2b0aa800 .event anyedge, v0x2b0c8ab0_0;
E_0x2b0c80d0 .event posedge, v0x2b0c5e90_0;
S_0x2b0c8d90 .scope module, "sumac20" "sumac2" 3 30, 11 1 0, S_0x2b07d6b0;
 .timescale -9 -9;
    .port_info 0 /INPUT 16 "Aprima";
    .port_info 1 /INPUT 16 "B";
    .port_info 2 /OUTPUT 16 "Aprimain";
v0x2b0c8f40_0 .net "Aprima", 15 0, L_0x2b0caa30;  alias, 1 drivers
v0x2b0c9070_0 .net "Aprimain", 15 0, L_0x2b0cacb0;  alias, 1 drivers
v0x2b0c9130_0 .net "B", 15 0, v0x2b0c6f50_0;  alias, 1 drivers
L_0x2b0cacb0 .arith/sub 16, L_0x2b0caa30, v0x2b0c6f50_0;
    .scope S_0x2b0c6200;
T_0 ;
    %wait E_0x2b0aaa40;
    %load/vec4 v0x2b0c6830_0;
    %flag_set/vec4 8;
    %jmp/0xz  T_0.0, 8;
    %pushi/vec4 0, 0, 16;
    %load/vec4 v0x2b0c64d0_0;
    %concat/vec4; draw_concat_vec4
    %assign/vec4 v0x2b0c69c0_0, 0;
    %jmp T_0.1;
T_0.0 ;
    %load/vec4 v0x2b0c6920_0;
    %flag_set/vec4 8;
    %jmp/0xz  T_0.2, 8;
    %load/vec4 v0x2b0c6790_0;
    %ix/load 4, 16, 0;
    %ix/load 5, 0, 0;
    %flag_set/imm 4, 0;
    %assign/vec4/off/d v0x2b0c69c0_0, 4, 5;
    %jmp T_0.3;
T_0.2 ;
    %load/vec4 v0x2b0c6a80_0;
    %flag_set/vec4 8;
    %jmp/0xz  T_0.4, 8;
    %load/vec4 v0x2b0c69c0_0;
    %ix/load 4, 1, 0;
    %flag_set/imm 4, 0;
    %shiftl 4;
    %assign/vec4 v0x2b0c69c0_0, 0;
T_0.4 ;
T_0.3 ;
T_0.1 ;
    %jmp T_0;
    .thread T_0;
    .scope S_0x2b0c6c20;
T_1 ;
    %wait E_0x2b0aaa40;
    %load/vec4 v0x2b0c7160_0;
    %flag_set/vec4 8;
    %jmp/0xz  T_1.0, 8;
    %load/vec4 v0x2b0c6e50_0;
    %assign/vec4 v0x2b0c6f50_0, 0;
T_1.0 ;
    %jmp T_1;
    .thread T_1;
    .scope S_0x2b0c7290;
T_2 ;
    %pushi/vec4 0, 0, 16;
    %store/vec4 v0x2b0c7470_0, 0, 16;
    %end;
    .thread T_2;
    .scope S_0x2b0c7290;
T_3 ;
    %wait E_0x2b0aaa40;
    %load/vec4 v0x2b0c7700_0;
    %flag_set/vec4 8;
    %jmp/0xz  T_3.0, 8;
    %pushi/vec4 0, 0, 16;
    %assign/vec4 v0x2b0c7470_0, 0;
    %jmp T_3.1;
T_3.0 ;
    %load/vec4 v0x2b0c7570_0;
    %flag_set/vec4 8;
    %jmp/0xz  T_3.2, 8;
    %load/vec4 v0x2b0c7470_0;
    %ix/load 4, 1, 0;
    %flag_set/imm 4, 0;
    %shiftl 4;
    %addi 1, 0, 16;
    %assign/vec4 v0x2b0c7470_0, 0;
    %jmp T_3.3;
T_3.2 ;
    %load/vec4 v0x2b0c77a0_0;
    %flag_set/vec4 8;
    %jmp/0xz  T_3.4, 8;
    %load/vec4 v0x2b0c7470_0;
    %ix/load 4, 1, 0;
    %flag_set/imm 4, 0;
    %shiftl 4;
    %assign/vec4 v0x2b0c7470_0, 0;
T_3.4 ;
T_3.3 ;
T_3.1 ;
    %jmp T_3;
    .thread T_3;
    .scope S_0x2b0c5c90;
T_4 ;
    %wait E_0x2b0aaa40;
    %load/vec4 v0x2b0c60b0_0;
    %flag_set/vec4 8;
    %jmp/0xz  T_4.0, 8;
    %pushi/vec4 16, 0, 5;
    %assign/vec4 v0x2b0c5f50_0, 0;
    %jmp T_4.1;
T_4.0 ;
    %load/vec4 v0x2b0c6010_0;
    %flag_set/vec4 8;
    %jmp/0xz  T_4.2, 8;
    %load/vec4 v0x2b0c5f50_0;
    %subi 1, 0, 5;
    %assign/vec4 v0x2b0c5f50_0, 0;
T_4.2 ;
T_4.1 ;
    %jmp T_4;
    .thread T_4;
    .scope S_0x2b0c7910;
T_5 ;
    %pushi/vec4 0, 0, 1;
    %store/vec4 v0x2b0c8a10_0, 0, 1;
    %pushi/vec4 0, 0, 1;
    %store/vec4 v0x2b0c8870_0, 0, 1;
    %pushi/vec4 0, 0, 1;
    %store/vec4 v0x2b0c8940_0, 0, 1;
    %pushi/vec4 0, 0, 1;
    %store/vec4 v0x2b0c8580_0, 0, 1;
    %pushi/vec4 0, 0, 1;
    %store/vec4 v0x2b0c8440_0, 0, 1;
    %pushi/vec4 0, 0, 1;
    %store/vec4 v0x2b0c82d0_0, 0, 1;
    %end;
    .thread T_5;
    .scope S_0x2b0c7910;
T_6 ;
    %wait E_0x2b0c80d0;
    %load/vec4 v0x2b0c8710_0;
    %flag_set/vec4 8;
    %jmp/0xz  T_6.0, 8;
    %pushi/vec4 7, 0, 3;
    %assign/vec4 v0x2b0c8ab0_0, 0;
    %jmp T_6.1;
T_6.0 ;
    %load/vec4 v0x2b0c8ab0_0;
    %dup/vec4;
    %pushi/vec4 7, 0, 3;
    %cmp/u;
    %jmp/1 T_6.2, 6;
    %dup/vec4;
    %pushi/vec4 4, 0, 3;
    %cmp/u;
    %jmp/1 T_6.3, 6;
    %dup/vec4;
    %pushi/vec4 2, 0, 3;
    %cmp/u;
    %jmp/1 T_6.4, 6;
    %dup/vec4;
    %pushi/vec4 3, 0, 3;
    %cmp/u;
    %jmp/1 T_6.5, 6;
    %dup/vec4;
    %pushi/vec4 1, 0, 3;
    %cmp/u;
    %jmp/1 T_6.6, 6;
    %dup/vec4;
    %pushi/vec4 0, 0, 3;
    %cmp/u;
    %jmp/1 T_6.7, 6;
    %pushi/vec4 7, 0, 3;
    %store/vec4 v0x2b0c8ab0_0, 0, 3;
    %jmp T_6.9;
T_6.2 ;
    %load/vec4 v0x2b0c84e0_0;
    %flag_set/vec4 8;
    %jmp/0xz  T_6.10, 8;
    %pushi/vec4 0, 0, 5;
    %assign/vec4 v0x2b0c81f0_0, 0;
    %pushi/vec4 4, 0, 3;
    %store/vec4 v0x2b0c8ab0_0, 0, 3;
    %jmp T_6.11;
T_6.10 ;
    %pushi/vec4 7, 0, 3;
    %store/vec4 v0x2b0c8ab0_0, 0, 3;
T_6.11 ;
    %jmp T_6.9;
T_6.3 ;
    %load/vec4 v0x2b0c8670_0;
    %flag_set/vec4 8;
    %jmp/0xz  T_6.12, 8;
    %pushi/vec4 2, 0, 3;
    %store/vec4 v0x2b0c8ab0_0, 0, 3;
    %jmp T_6.13;
T_6.12 ;
    %pushi/vec4 3, 0, 3;
    %store/vec4 v0x2b0c8ab0_0, 0, 3;
T_6.13 ;
    %jmp T_6.9;
T_6.4 ;
    %pushi/vec4 1, 0, 3;
    %store/vec4 v0x2b0c8ab0_0, 0, 3;
    %jmp T_6.9;
T_6.5 ;
    %pushi/vec4 1, 0, 3;
    %store/vec4 v0x2b0c8ab0_0, 0, 3;
    %jmp T_6.9;
T_6.6 ;
    %load/vec4 v0x2b0c8370_0;
    %flag_set/vec4 8;
    %jmp/0xz  T_6.14, 8;
    %pushi/vec4 0, 0, 3;
    %store/vec4 v0x2b0c8ab0_0, 0, 3;
    %jmp T_6.15;
T_6.14 ;
    %pushi/vec4 4, 0, 3;
    %store/vec4 v0x2b0c8ab0_0, 0, 3;
T_6.15 ;
    %jmp T_6.9;
T_6.7 ;
    %load/vec4 v0x2b0c81f0_0;
    %addi 1, 0, 5;
    %assign/vec4 v0x2b0c81f0_0, 0;
    %load/vec4 v0x2b0c81f0_0;
    %pad/u 32;
    %cmpi/e 28, 0, 32;
    %jmp/0xz  T_6.16, 4;
    %pushi/vec4 7, 0, 3;
    %store/vec4 v0x2b0c8ab0_0, 0, 3;
    %jmp T_6.17;
T_6.16 ;
    %pushi/vec4 0, 0, 3;
    %store/vec4 v0x2b0c8ab0_0, 0, 3;
T_6.17 ;
    %jmp T_6.9;
T_6.9 ;
    %pop/vec4 1;
T_6.1 ;
    %jmp T_6;
    .thread T_6;
    .scope S_0x2b0c7910;
T_7 ;
    %wait E_0x2b0aa800;
    %load/vec4 v0x2b0c8ab0_0;
    %dup/vec4;
    %pushi/vec4 7, 0, 3;
    %cmp/u;
    %jmp/1 T_7.0, 6;
    %dup/vec4;
    %pushi/vec4 4, 0, 3;
    %cmp/u;
    %jmp/1 T_7.1, 6;
    %dup/vec4;
    %pushi/vec4 3, 0, 3;
    %cmp/u;
    %jmp/1 T_7.2, 6;
    %dup/vec4;
    %pushi/vec4 2, 0, 3;
    %cmp/u;
    %jmp/1 T_7.3, 6;
    %dup/vec4;
    %pushi/vec4 1, 0, 3;
    %cmp/u;
    %jmp/1 T_7.4, 6;
    %dup/vec4;
    %pushi/vec4 0, 0, 3;
    %cmp/u;
    %jmp/1 T_7.5, 6;
    %pushi/vec4 1, 0, 1;
    %store/vec4 v0x2b0c8a10_0, 0, 1;
    %pushi/vec4 0, 0, 1;
    %store/vec4 v0x2b0c8870_0, 0, 1;
    %pushi/vec4 0, 0, 1;
    %store/vec4 v0x2b0c8940_0, 0, 1;
    %pushi/vec4 0, 0, 1;
    %store/vec4 v0x2b0c8580_0, 0, 1;
    %pushi/vec4 0, 0, 1;
    %store/vec4 v0x2b0c8440_0, 0, 1;
    %pushi/vec4 0, 0, 1;
    %store/vec4 v0x2b0c82d0_0, 0, 1;
    %jmp T_7.7;
T_7.0 ;
    %pushi/vec4 1, 0, 1;
    %store/vec4 v0x2b0c8a10_0, 0, 1;
    %pushi/vec4 0, 0, 1;
    %store/vec4 v0x2b0c8870_0, 0, 1;
    %pushi/vec4 0, 0, 1;
    %store/vec4 v0x2b0c8940_0, 0, 1;
    %pushi/vec4 0, 0, 1;
    %store/vec4 v0x2b0c8580_0, 0, 1;
    %pushi/vec4 0, 0, 1;
    %store/vec4 v0x2b0c8440_0, 0, 1;
    %pushi/vec4 0, 0, 1;
    %store/vec4 v0x2b0c82d0_0, 0, 1;
    %jmp T_7.7;
T_7.1 ;
    %pushi/vec4 0, 0, 1;
    %store/vec4 v0x2b0c8a10_0, 0, 1;
    %pushi/vec4 1, 0, 1;
    %store/vec4 v0x2b0c8870_0, 0, 1;
    %pushi/vec4 0, 0, 1;
    %store/vec4 v0x2b0c8940_0, 0, 1;
    %pushi/vec4 0, 0, 1;
    %store/vec4 v0x2b0c8580_0, 0, 1;
    %pushi/vec4 0, 0, 1;
    %store/vec4 v0x2b0c8440_0, 0, 1;
    %pushi/vec4 0, 0, 1;
    %store/vec4 v0x2b0c82d0_0, 0, 1;
    %jmp T_7.7;
T_7.2 ;
    %pushi/vec4 0, 0, 1;
    %store/vec4 v0x2b0c8a10_0, 0, 1;
    %pushi/vec4 0, 0, 1;
    %store/vec4 v0x2b0c8870_0, 0, 1;
    %pushi/vec4 1, 0, 1;
    %store/vec4 v0x2b0c8940_0, 0, 1;
    %pushi/vec4 0, 0, 1;
    %store/vec4 v0x2b0c8580_0, 0, 1;
    %pushi/vec4 0, 0, 1;
    %store/vec4 v0x2b0c8440_0, 0, 1;
    %pushi/vec4 0, 0, 1;
    %store/vec4 v0x2b0c82d0_0, 0, 1;
    %jmp T_7.7;
T_7.3 ;
    %pushi/vec4 0, 0, 1;
    %store/vec4 v0x2b0c8a10_0, 0, 1;
    %pushi/vec4 0, 0, 1;
    %store/vec4 v0x2b0c8870_0, 0, 1;
    %pushi/vec4 0, 0, 1;
    %store/vec4 v0x2b0c8940_0, 0, 1;
    %pushi/vec4 1, 0, 1;
    %store/vec4 v0x2b0c8580_0, 0, 1;
    %pushi/vec4 0, 0, 1;
    %store/vec4 v0x2b0c8440_0, 0, 1;
    %pushi/vec4 0, 0, 1;
    %store/vec4 v0x2b0c82d0_0, 0, 1;
    %jmp T_7.7;
T_7.4 ;
    %pushi/vec4 0, 0, 1;
    %store/vec4 v0x2b0c8a10_0, 0, 1;
    %pushi/vec4 0, 0, 1;
    %store/vec4 v0x2b0c8870_0, 0, 1;
    %pushi/vec4 0, 0, 1;
    %store/vec4 v0x2b0c8940_0, 0, 1;
    %pushi/vec4 0, 0, 1;
    %store/vec4 v0x2b0c8580_0, 0, 1;
    %pushi/vec4 1, 0, 1;
    %store/vec4 v0x2b0c8440_0, 0, 1;
    %pushi/vec4 0, 0, 1;
    %store/vec4 v0x2b0c82d0_0, 0, 1;
    %jmp T_7.7;
T_7.5 ;
    %pushi/vec4 0, 0, 1;
    %store/vec4 v0x2b0c8a10_0, 0, 1;
    %pushi/vec4 0, 0, 1;
    %store/vec4 v0x2b0c8870_0, 0, 1;
    %pushi/vec4 0, 0, 1;
    %store/vec4 v0x2b0c8940_0, 0, 1;
    %pushi/vec4 0, 0, 1;
    %store/vec4 v0x2b0c8580_0, 0, 1;
    %pushi/vec4 0, 0, 1;
    %store/vec4 v0x2b0c8440_0, 0, 1;
    %pushi/vec4 1, 0, 1;
    %store/vec4 v0x2b0c82d0_0, 0, 1;
    %jmp T_7.7;
T_7.7 ;
    %pop/vec4 1;
    %jmp T_7;
    .thread T_7, $push;
    .scope S_0x2b0c7910;
T_8 ;
    %wait E_0x2b0aa800;
    %load/vec4 v0x2b0c8ab0_0;
    %dup/vec4;
    %pushi/vec4 7, 0, 3;
    %cmp/u;
    %jmp/1 T_8.0, 6;
    %dup/vec4;
    %pushi/vec4 3, 0, 3;
    %cmp/u;
    %jmp/1 T_8.1, 6;
    %dup/vec4;
    %pushi/vec4 2, 0, 3;
    %cmp/u;
    %jmp/1 T_8.2, 6;
    %dup/vec4;
    %pushi/vec4 4, 0, 3;
    %cmp/u;
    %jmp/1 T_8.3, 6;
    %dup/vec4;
    %pushi/vec4 1, 0, 3;
    %cmp/u;
    %jmp/1 T_8.4, 6;
    %dup/vec4;
    %pushi/vec4 0, 0, 3;
    %cmp/u;
    %jmp/1 T_8.5, 6;
    %jmp T_8.6;
T_8.0 ;
    %pushi/vec4 0, 0, 32; draw_string_vec4
    %pushi/vec4 0, 0, 32; draw_string_vec4
    %concat/vec4; draw_string_vec4
    %pushi/vec4 0, 0, 32; draw_string_vec4
    %concat/vec4; draw_string_vec4
    %pushi/vec4 0, 0, 32; draw_string_vec4
    %concat/vec4; draw_string_vec4
    %pushi/vec4 0, 0, 32; draw_string_vec4
    %concat/vec4; draw_string_vec4
    %pushi/vec4 0, 0, 32; draw_string_vec4
    %concat/vec4; draw_string_vec4
    %pushi/vec4 0, 0, 32; draw_string_vec4
    %concat/vec4; draw_string_vec4
    %pushi/vec4 0, 0, 32; draw_string_vec4
    %concat/vec4; draw_string_vec4
    %pushi/vec4 83, 0, 32; draw_string_vec4
    %concat/vec4; draw_string_vec4
    %pushi/vec4 1413567060, 0, 32; draw_string_vec4
    %concat/vec4; draw_string_vec4
    %store/vec4 v0x2b0c8b50_0, 0, 320;
    %jmp T_8.6;
T_8.1 ;
    %pushi/vec4 0, 0, 32; draw_string_vec4
    %pushi/vec4 0, 0, 32; draw_string_vec4
    %concat/vec4; draw_string_vec4
    %pushi/vec4 0, 0, 32; draw_string_vec4
    %concat/vec4; draw_string_vec4
    %pushi/vec4 0, 0, 32; draw_string_vec4
    %concat/vec4; draw_string_vec4
    %pushi/vec4 0, 0, 32; draw_string_vec4
    %concat/vec4; draw_string_vec4
    %pushi/vec4 0, 0, 32; draw_string_vec4
    %concat/vec4; draw_string_vec4
    %pushi/vec4 0, 0, 32; draw_string_vec4
    %concat/vec4; draw_string_vec4
    %pushi/vec4 0, 0, 32; draw_string_vec4
    %concat/vec4; draw_string_vec4
    %pushi/vec4 21087, 0, 32; draw_string_vec4
    %concat/vec4; draw_string_vec4
    %pushi/vec4 1095190320, 0, 32; draw_string_vec4
    %concat/vec4; draw_string_vec4
    %store/vec4 v0x2b0c8b50_0, 0, 320;
    %jmp T_8.6;
T_8.2 ;
    %pushi/vec4 0, 0, 32; draw_string_vec4
    %pushi/vec4 0, 0, 32; draw_string_vec4
    %concat/vec4; draw_string_vec4
    %pushi/vec4 0, 0, 32; draw_string_vec4
    %concat/vec4; draw_string_vec4
    %pushi/vec4 0, 0, 32; draw_string_vec4
    %concat/vec4; draw_string_vec4
    %pushi/vec4 0, 0, 32; draw_string_vec4
    %concat/vec4; draw_string_vec4
    %pushi/vec4 0, 0, 32; draw_string_vec4
    %concat/vec4; draw_string_vec4
    %pushi/vec4 0, 0, 32; draw_string_vec4
    %concat/vec4; draw_string_vec4
    %pushi/vec4 0, 0, 32; draw_string_vec4
    %concat/vec4; draw_string_vec4
    %pushi/vec4 21087, 0, 32; draw_string_vec4
    %concat/vec4; draw_string_vec4
    %pushi/vec4 1095190321, 0, 32; draw_string_vec4
    %concat/vec4; draw_string_vec4
    %store/vec4 v0x2b0c8b50_0, 0, 320;
    %jmp T_8.6;
T_8.3 ;
    %pushi/vec4 0, 0, 32; draw_string_vec4
    %pushi/vec4 0, 0, 32; draw_string_vec4
    %concat/vec4; draw_string_vec4
    %pushi/vec4 0, 0, 32; draw_string_vec4
    %concat/vec4; draw_string_vec4
    %pushi/vec4 0, 0, 32; draw_string_vec4
    %concat/vec4; draw_string_vec4
    %pushi/vec4 0, 0, 32; draw_string_vec4
    %concat/vec4; draw_string_vec4
    %pushi/vec4 0, 0, 32; draw_string_vec4
    %concat/vec4; draw_string_vec4
    %pushi/vec4 0, 0, 32; draw_string_vec4
    %concat/vec4; draw_string_vec4
    %pushi/vec4 0, 0, 32; draw_string_vec4
    %concat/vec4; draw_string_vec4
    %pushi/vec4 83, 0, 32; draw_string_vec4
    %concat/vec4; draw_string_vec4
    %pushi/vec4 1212761684, 0, 32; draw_string_vec4
    %concat/vec4; draw_string_vec4
    %store/vec4 v0x2b0c8b50_0, 0, 320;
    %jmp T_8.6;
T_8.4 ;
    %pushi/vec4 0, 0, 32; draw_string_vec4
    %pushi/vec4 0, 0, 32; draw_string_vec4
    %concat/vec4; draw_string_vec4
    %pushi/vec4 0, 0, 32; draw_string_vec4
    %concat/vec4; draw_string_vec4
    %pushi/vec4 0, 0, 32; draw_string_vec4
    %concat/vec4; draw_string_vec4
    %pushi/vec4 0, 0, 32; draw_string_vec4
    %concat/vec4; draw_string_vec4
    %pushi/vec4 0, 0, 32; draw_string_vec4
    %concat/vec4; draw_string_vec4
    %pushi/vec4 0, 0, 32; draw_string_vec4
    %concat/vec4; draw_string_vec4
    %pushi/vec4 4474179, 0, 32; draw_string_vec4
    %concat/vec4; draw_string_vec4
    %pushi/vec4 1380273477, 0, 32; draw_string_vec4
    %concat/vec4; draw_string_vec4
    %pushi/vec4 1314144594, 0, 32; draw_string_vec4
    %concat/vec4; draw_string_vec4
    %store/vec4 v0x2b0c8b50_0, 0, 320;
    %jmp T_8.6;
T_8.5 ;
    %pushi/vec4 0, 0, 32; draw_string_vec4
    %pushi/vec4 0, 0, 32; draw_string_vec4
    %concat/vec4; draw_string_vec4
    %pushi/vec4 0, 0, 32; draw_string_vec4
    %concat/vec4; draw_string_vec4
    %pushi/vec4 0, 0, 32; draw_string_vec4
    %concat/vec4; draw_string_vec4
    %pushi/vec4 0, 0, 32; draw_string_vec4
    %concat/vec4; draw_string_vec4
    %pushi/vec4 0, 0, 32; draw_string_vec4
    %concat/vec4; draw_string_vec4
    %pushi/vec4 0, 0, 32; draw_string_vec4
    %concat/vec4; draw_string_vec4
    %pushi/vec4 0, 0, 32; draw_string_vec4
    %concat/vec4; draw_string_vec4
    %pushi/vec4 0, 0, 32; draw_string_vec4
    %concat/vec4; draw_string_vec4
    %pushi/vec4 4542020, 0, 32; draw_string_vec4
    %concat/vec4; draw_string_vec4
    %store/vec4 v0x2b0c8b50_0, 0, 320;
    %jmp T_8.6;
T_8.6 ;
    %pop/vec4 1;
    %jmp T_8;
    .thread T_8, $push;
    .scope S_0x2b097ab0;
T_9 ;
T_9.0 ;
    %wait E_0x2b097660;
    %wait E_0x2b0aaa40;
    %pushi/vec4 1, 0, 1;
    %store/vec4 v0x2b0ca790_0, 0, 1;
    %wait E_0x2b0aaa40;
    %pushi/vec4 0, 0, 1;
    %store/vec4 v0x2b0ca790_0, 0, 1;
    %event E_0x2b061560;
    %jmp T_9.0;
T_9.1 ;
    %end;
    .thread T_9;
    .scope S_0x2b097ab0;
T_10 ;
    %pushi/vec4 0, 0, 1;
    %store/vec4 v0x2b0ca300_0, 0, 1;
    %pushi/vec4 1, 0, 1;
    %store/vec4 v0x2b0ca790_0, 0, 1;
    %pushi/vec4 0, 0, 1;
    %store/vec4 v0x2b0ca830_0, 0, 1;
    %pushi/vec4 1024, 0, 16;
    %store/vec4 v0x2b0ca520_0, 0, 16;
    %pushi/vec4 127, 0, 16;
    %store/vec4 v0x2b0ca630_0, 0, 16;
    %end;
    .thread T_10;
    .scope S_0x2b097ab0;
T_11 ;
    %delay 0, 0;
T_11.0 ;
    %pushi/vec4 0, 0, 1;
    %store/vec4 v0x2b0ca300_0, 0, 1;
    %delay 10, 0;
    %pushi/vec4 1, 0, 1;
    %store/vec4 v0x2b0ca300_0, 0, 1;
    %delay 10, 0;
    %jmp T_11.0;
T_11.1 ;
    %end;
    .thread T_11;
    .scope S_0x2b097ab0;
T_12 ;
    %delay 10, 0;
    %event E_0x2b097660;
    %wait E_0x2b061560;
    %wait E_0x2b0c80d0;
    %pushi/vec4 0, 0, 1;
    %store/vec4 v0x2b0ca830_0, 0, 1;
    %wait E_0x2b0c80d0;
    %pushi/vec4 1, 0, 1;
    %store/vec4 v0x2b0ca830_0, 0, 1;
    %pushi/vec4 0, 0, 21;
    %store/vec4 v0x2b0ca480_0, 0, 21;
T_12.0 ; Top of for-loop 
    %load/vec4 v0x2b0ca480_0;
    %pad/u 32;
    %cmpi/u 2, 0, 32;
    %jmp/0xz T_12.1, 5;
    %wait E_0x2b0c80d0;
T_12.2 ; for-loop step statement
    %load/vec4 v0x2b0ca480_0;
    %addi 1, 0, 21;
    %store/vec4 v0x2b0ca480_0, 0, 21;
    %jmp T_12.0;
T_12.1 ; for-loop exit label
    %pushi/vec4 0, 0, 1;
    %store/vec4 v0x2b0ca830_0, 0, 1;
    %pushi/vec4 0, 0, 21;
    %store/vec4 v0x2b0ca480_0, 0, 21;
T_12.3 ; Top of for-loop 
    %load/vec4 v0x2b0ca480_0;
    %pad/u 32;
    %cmpi/u 17, 0, 32;
    %jmp/0xz T_12.4, 5;
    %wait E_0x2b0c80d0;
T_12.5 ; for-loop step statement
    %load/vec4 v0x2b0ca480_0;
    %addi 1, 0, 21;
    %store/vec4 v0x2b0ca480_0, 0, 21;
    %jmp T_12.3;
T_12.4 ; for-loop exit label
    %end;
    .thread T_12;
    .scope S_0x2b097ab0;
T_13 ;
    %fork t_1, S_0x2b097d30;
    %jmp t_0;
    .scope S_0x2b097d30;
t_1 ;
    %vpi_call 2 111 "$dumpfile", "div_TB.vcd" {0 0 0};
    %vpi_call 2 112 "$dumpvars", 32'sb11111111111111111111111111111111, S_0x2b07d6b0 {0 0 0};
    %delay 1200, 0;
    %vpi_call 2 114 "$finish" {0 0 0};
    %end;
    .scope S_0x2b097ab0;
t_0 %join;
    %end;
    .thread T_13;
# The file index is used to find the file name in the following table.
:file_names 12;
    "N/A";
    "<interactive>";
    "div_TB.v";
    "div.v";
    "comp.v";
    "comp2.v";
    "increaser.v";
    "regA.v";
    "regB.v";
    "regr.v";
    "state_machinediv.v";
    "sumac2.v";
# EOF
