#! /usr/bin/env bash
exec /home/felipe-zorro/miniconda3/envs/digital/bin/vvp -f "$0" "$@" <<'# EOF'
:ivl_version "13.0 (devel)" "(0_8-6859-gf50cc35d2-dirty)";
:ivl_delay_selection "TYPICAL";
:vpi_time_precision - 9;
:vpi_module "/home/felipe-zorro/miniconda3/envs/digital/lib/ivl/system.vpi";
:vpi_module "/home/felipe-zorro/miniconda3/envs/digital/lib/ivl/vhdl_sys.vpi";
:vpi_module "/home/felipe-zorro/miniconda3/envs/digital/lib/ivl/vhdl_textio.vpi";
:vpi_module "/home/felipe-zorro/miniconda3/envs/digital/lib/ivl/v2005_math.vpi";
:vpi_module "/home/felipe-zorro/miniconda3/envs/digital/lib/ivl/va_math.vpi";
S_0x160eb160 .scope module, "sqrt_TB" "sqrt_TB" 2 4;
 .timescale -9 -9;
P_0x160e8670 .param/real "DUTY_CYCLE" 0 2 27, Cr<m4000000000000000gfc1>; value=0.500000
P_0x160e86b0 .param/l "OFFSET" 0 2 28, +C4<00000000000000000000000000000000>;
P_0x160e86f0 .param/l "PERIOD" 0 2 26, +C4<00000000000000000000000000010100>;
v0x161106c0_0 .var "clk", 0 0;
v0x16110780_0 .net "done", 0 0, v0x1610eab0_0;  1 drivers
v0x16110890_0 .var "i", 20 0;
v0x16110930_0 .var "in_A", 15 0;
v0x16110a40_0 .var "rst", 0 0;
v0x16110b80_0 .var "start", 0 0;
v0x16110c70_0 .net "w_A2", 15 0, L_0x16110e40;  1 drivers
v0x16110d30_0 .net "w_R", 7 0, v0x1610c880_0;  1 drivers
E_0x160d3030 .event "reset_trigger";
E_0x16095340 .event "reset_done_trigger";
S_0x160d3490 .scope begin, "TEST_CASE" "TEST_CASE" 2 108, 2 108 0, S_0x160eb160;
 .timescale -9 -9;
S_0x160d3620 .scope module, "uut" "sqrt" 2 16, 3 1 0, S_0x160eb160;
 .timescale -9 -9;
    .port_info 0 /INPUT 1 "clk";
    .port_info 1 /INPUT 1 "rst";
    .port_info 2 /INPUT 1 "init";
    .port_info 3 /INPUT 16 "A";
    .port_info 4 /OUTPUT 16 "A2";
    .port_info 5 /OUTPUT 8 "R";
    .port_info 6 /OUTPUT 1 "done";
v0x1610f4d0_0 .net "A", 15 0, v0x16110930_0;  1 drivers
v0x1610f5e0_0 .net "A2", 15 0, L_0x16110e40;  alias, 1 drivers
v0x1610f710_0 .net "R", 7 0, v0x1610c880_0;  alias, 1 drivers
L_0x7b6067640060 .functor BUFT 1, C4<01>, C4<0>, C4<0>, C4<0>;
v0x1610f810_0 .net/2u *"_ivl_0", 1 0, L_0x7b6067640060;  1 drivers
v0x1610f8d0_0 .net "clk", 0 0, v0x161106c0_0;  1 drivers
v0x1610f970_0 .net "done", 0 0, v0x1610eab0_0;  alias, 1 drivers
v0x1610fa10_0 .net "init", 0 0, v0x16110b80_0;  1 drivers
v0x1610fae0_0 .net "rst", 0 0, v0x16110a40_0;  1 drivers
v0x1610fbb0_0 .net "w_A2", 15 0, L_0x16121300;  1 drivers
v0x1610fce0_0 .net "w_R1", 9 0, v0x1610d0c0_0;  1 drivers
v0x1610fd80_0 .net "w_add_0", 0 0, v0x1610e710_0;  1 drivers
v0x1610fe20_0 .net "w_add_1", 0 0, v0x1610e7d0_0;  1 drivers
v0x1610fec0_0 .net "w_c", 0 0, v0x1610b500_0;  1 drivers
v0x1610ffb0_0 .net "w_ld_A1", 0 0, v0x1610ebf0_0;  1 drivers
v0x16110050_0 .net "w_ld_A2", 0 0, v0x1610ed20_0;  1 drivers
v0x16110140_0 .net "w_ld_R1", 0 0, v0x1610ee50_0;  1 drivers
v0x16110230_0 .net "w_m", 0 0, L_0x16121120;  1 drivers
v0x16110320_0 .net "w_sh", 0 0, v0x1610f090_0;  1 drivers
v0x161103c0_0 .net "w_violeta", 3 0, v0x1610ba00_0;  1 drivers
v0x161104b0_0 .net "w_z", 0 0, L_0x16120ef0;  1 drivers
L_0x16120f90 .concat [ 2 8 0 0], L_0x7b6067640060, v0x1610c880_0;
S_0x160d11b0 .scope module, "comp0" "comp" 3 33, 4 1 0, S_0x160d3620;
 .timescale -9 -9;
    .port_info 0 /INPUT 16 "A2";
    .port_info 1 /OUTPUT 1 "z";
v0x160ef640_0 .net "A2", 15 0, L_0x16110e40;  alias, 1 drivers
L_0x7b6067640018 .functor BUFT 1, C4<0000000000000000>, C4<0>, C4<0>, C4<0>;
v0x160efa80_0 .net/2u *"_ivl_0", 15 0, L_0x7b6067640018;  1 drivers
v0x160f0250_0 .net "z", 0 0, L_0x16120ef0;  alias, 1 drivers
L_0x16120ef0 .cmp/eq 16, L_0x16110e40, L_0x7b6067640018;
S_0x1610ae80 .scope module, "comp10" "comp1" 3 39, 5 1 0, S_0x160d3620;
 .timescale -9 -9;
    .port_info 0 /INPUT 16 "A2";
    .port_info 1 /INPUT 10 "R1";
    .port_info 2 /OUTPUT 1 "m";
v0x160e73f0_0 .net "A2", 15 0, L_0x16110e40;  alias, 1 drivers
v0x160a56c0_0 .net "R1", 9 0, v0x1610d0c0_0;  alias, 1 drivers
v0x160a4f40_0 .net *"_ivl_0", 15 0, L_0x16121080;  1 drivers
L_0x7b60676400a8 .functor BUFT 1, C4<000000>, C4<0>, C4<0>, C4<0>;
v0x160a39d0_0 .net *"_ivl_3", 5 0, L_0x7b60676400a8;  1 drivers
v0x1610b120_0 .net "m", 0 0, L_0x16121120;  alias, 1 drivers
L_0x16121080 .concat [ 10 6 0 0], v0x1610d0c0_0, L_0x7b60676400a8;
L_0x16121120 .cmp/gt 16, L_0x16121080, L_0x16110e40;
S_0x1610b2b0 .scope module, "comp_count0" "comp_count" 3 45, 6 1 0, S_0x160d3620;
 .timescale -9 -9;
    .port_info 0 /INPUT 4 "count";
    .port_info 1 /OUTPUT 1 "c";
v0x1610b500_0 .var "c", 0 0;
v0x1610b5e0_0 .net "count", 3 0, v0x1610ba00_0;  alias, 1 drivers
E_0x160f0d90 .event anyedge, v0x1610b5e0_0;
S_0x1610b720 .scope module, "count0" "count" 3 43, 7 1 0, S_0x160d3620;
 .timescale -9 -9;
    .port_info 0 /INPUT 1 "clk";
    .port_info 1 /INPUT 1 "reset";
    .port_info 2 /INPUT 1 "dec";
    .port_info 3 /OUTPUT 4 "count";
v0x1610b920_0 .net "clk", 0 0, v0x161106c0_0;  alias, 1 drivers
v0x1610ba00_0 .var "count", 3 0;
v0x1610bac0_0 .net "dec", 0 0, v0x1610f090_0;  alias, 1 drivers
v0x1610bb90_0 .net "reset", 0 0, v0x1610ebf0_0;  alias, 1 drivers
E_0x160f0b50 .event negedge, v0x1610b920_0;
S_0x1610bce0 .scope module, "regA0" "regA" 3 30, 8 1 0, S_0x160d3620;
 .timescale -9 -9;
    .port_info 0 /INPUT 1 "clk";
    .port_info 1 /INPUT 1 "load";
    .port_info 2 /INPUT 1 "load2";
    .port_info 3 /INPUT 1 "shift";
    .port_info 4 /INPUT 16 "A";
    .port_info 5 /INPUT 16 "A2in";
    .port_info 6 /OUTPUT 16 "A2";
v0x1610bf10_0 .net "A", 15 0, v0x16110930_0;  alias, 1 drivers
v0x1610c010_0 .net "A2", 15 0, L_0x16110e40;  alias, 1 drivers
v0x1610c120_0 .net "A2in", 15 0, L_0x16121300;  alias, 1 drivers
v0x1610c1e0_0 .net "clk", 0 0, v0x161106c0_0;  alias, 1 drivers
v0x1610c280_0 .net "load", 0 0, v0x1610ebf0_0;  alias, 1 drivers
v0x1610c370_0 .net "load2", 0 0, v0x1610ed20_0;  alias, 1 drivers
v0x1610c410_0 .var "regA_total", 31 0;
v0x1610c4d0_0 .net "shift", 0 0, v0x1610f090_0;  alias, 1 drivers
L_0x16110e40 .part v0x1610c410_0, 16, 16;
S_0x1610c670 .scope module, "regR0" "regR" 3 35, 9 1 0, S_0x160d3620;
 .timescale -9 -9;
    .port_info 0 /INPUT 1 "clk";
    .port_info 1 /INPUT 1 "rst";
    .port_info 2 /INPUT 1 "add_0";
    .port_info 3 /INPUT 1 "add_1";
    .port_info 4 /OUTPUT 8 "R";
v0x1610c880_0 .var "R", 7 0;
v0x1610c980_0 .net "add_0", 0 0, v0x1610e710_0;  alias, 1 drivers
v0x1610ca40_0 .net "add_1", 0 0, v0x1610e7d0_0;  alias, 1 drivers
v0x1610cb10_0 .net "clk", 0 0, v0x161106c0_0;  alias, 1 drivers
v0x1610cc00_0 .net "rst", 0 0, v0x1610ebf0_0;  alias, 1 drivers
S_0x1610cde0 .scope module, "regR10" "regR1" 3 37, 10 1 0, S_0x160d3620;
 .timescale -9 -9;
    .port_info 0 /INPUT 1 "clk";
    .port_info 1 /INPUT 1 "rst";
    .port_info 2 /INPUT 1 "load";
    .port_info 3 /INPUT 10 "R01";
    .port_info 4 /OUTPUT 10 "R1";
v0x1610cfc0_0 .net "R01", 9 0, L_0x16120f90;  1 drivers
v0x1610d0c0_0 .var "R1", 9 0;
v0x1610d180_0 .net "clk", 0 0, v0x161106c0_0;  alias, 1 drivers
v0x1610d220_0 .net "load", 0 0, v0x1610ee50_0;  alias, 1 drivers
v0x1610d2c0_0 .net "rst", 0 0, v0x1610ebf0_0;  alias, 1 drivers
S_0x1610d430 .scope module, "restar0" "restar" 3 41, 11 1 0, S_0x160d3620;
 .timescale -9 -9;
    .port_info 0 /INPUT 10 "R1";
    .port_info 1 /INPUT 16 "A2";
    .port_info 2 /OUTPUT 16 "A2out";
v0x1610d630_0 .net "A2", 15 0, L_0x16110e40;  alias, 1 drivers
v0x1610d710_0 .net "A2out", 15 0, L_0x16121300;  alias, 1 drivers
v0x1610d7d0_0 .net "R1", 9 0, v0x1610d0c0_0;  alias, 1 drivers
v0x1610d8f0_0 .net *"_ivl_0", 15 0, L_0x16121210;  1 drivers
L_0x7b60676400f0 .functor BUFT 1, C4<000000>, C4<0>, C4<0>, C4<0>;
v0x1610d9b0_0 .net *"_ivl_3", 5 0, L_0x7b60676400f0;  1 drivers
L_0x16121210 .concat [ 10 6 0 0], v0x1610d0c0_0, L_0x7b60676400f0;
L_0x16121300 .arith/sub 16, L_0x16110e40, L_0x16121210;
S_0x1610db60 .scope module, "state_machinesqrt0" "state_machinesqrt" 3 53, 12 1 0, S_0x160d3620;
 .timescale -9 -9;
    .port_info 0 /INPUT 1 "clk";
    .port_info 1 /INPUT 1 "rst";
    .port_info 2 /INPUT 1 "init";
    .port_info 3 /INPUT 1 "c";
    .port_info 4 /INPUT 1 "z";
    .port_info 5 /INPUT 1 "m";
    .port_info 6 /OUTPUT 1 "ld_A1";
    .port_info 7 /OUTPUT 1 "ld_A2";
    .port_info 8 /OUTPUT 1 "add_0";
    .port_info 9 /OUTPUT 1 "add_1";
    .port_info 10 /OUTPUT 1 "ld_R1";
    .port_info 11 /OUTPUT 1 "sh";
    .port_info 12 /OUTPUT 1 "done";
P_0x1610dd40 .param/l "CHECK0" 0 12 22, C4<0010>;
P_0x1610dd80 .param/l "CHECK1" 0 12 26, C4<0110>;
P_0x1610ddc0 .param/l "CHECK2" 0 12 29, C4<1001>;
P_0x1610de00 .param/l "END" 0 12 30, C4<1010>;
P_0x1610de40 .param/l "INIT" 0 12 20, C4<0000>;
P_0x1610de80 .param/l "R_0" 0 12 28, C4<1000>;
P_0x1610dec0 .param/l "R_1" 0 12 23, C4<0011>;
P_0x1610df00 .param/l "R_1_UPDATE_A" 0 12 27, C4<0111>;
P_0x1610df40 .param/l "R_SHIFT" 0 12 25, C4<0101>;
P_0x1610df80 .param/l "SHIFT_COUNT" 0 12 21, C4<0001>;
P_0x1610dfc0 .param/l "UPDATE_A" 0 12 24, C4<0100>;
v0x1610e710_0 .var "add_0", 0 0;
v0x1610e7d0_0 .var "add_1", 0 0;
v0x1610e870_0 .net "c", 0 0, v0x1610b500_0;  alias, 1 drivers
v0x1610e970_0 .net "clk", 0 0, v0x161106c0_0;  alias, 1 drivers
v0x1610ea10_0 .var "counter", 4 0;
v0x1610eab0_0 .var "done", 0 0;
v0x1610eb50_0 .net "init", 0 0, v0x16110b80_0;  alias, 1 drivers
v0x1610ebf0_0 .var "ld_A1", 0 0;
v0x1610ed20_0 .var "ld_A2", 0 0;
v0x1610ee50_0 .var "ld_R1", 0 0;
v0x1610ef20_0 .net "m", 0 0, L_0x16121120;  alias, 1 drivers
v0x1610eff0_0 .net "rst", 0 0, v0x16110a40_0;  alias, 1 drivers
v0x1610f090_0 .var "sh", 0 0;
v0x1610f130_0 .var "state", 3 0;
v0x1610f1d0_0 .var "state_name", 320 1;
v0x1610f2b0_0 .net "z", 0 0, L_0x16120ef0;  alias, 1 drivers
E_0x160f0dd0 .event anyedge, v0x1610f130_0;
E_0x1610e6b0 .event posedge, v0x1610b920_0;
    .scope S_0x1610bce0;
T_0 ;
    %wait E_0x160f0b50;
    %load/vec4 v0x1610c280_0;
    %flag_set/vec4 8;
    %jmp/0xz  T_0.0, 8;
    %pushi/vec4 0, 0, 16;
    %load/vec4 v0x1610bf10_0;
    %concat/vec4; draw_concat_vec4
    %assign/vec4 v0x1610c410_0, 0;
    %jmp T_0.1;
T_0.0 ;
    %load/vec4 v0x1610c370_0;
    %flag_set/vec4 8;
    %jmp/0xz  T_0.2, 8;
    %load/vec4 v0x1610c120_0;
    %ix/load 4, 16, 0;
    %ix/load 5, 0, 0;
    %flag_set/imm 4, 0;
    %assign/vec4/off/d v0x1610c410_0, 4, 5;
    %jmp T_0.3;
T_0.2 ;
    %load/vec4 v0x1610c4d0_0;
    %flag_set/vec4 8;
    %jmp/0xz  T_0.4, 8;
    %load/vec4 v0x1610c410_0;
    %ix/load 4, 2, 0;
    %flag_set/imm 4, 0;
    %shiftl 4;
    %assign/vec4 v0x1610c410_0, 0;
T_0.4 ;
T_0.3 ;
T_0.1 ;
    %jmp T_0;
    .thread T_0;
    .scope S_0x1610c670;
T_1 ;
    %pushi/vec4 0, 0, 8;
    %store/vec4 v0x1610c880_0, 0, 8;
    %end;
    .thread T_1;
    .scope S_0x1610c670;
T_2 ;
    %wait E_0x160f0b50;
    %load/vec4 v0x1610cc00_0;
    %flag_set/vec4 8;
    %jmp/0xz  T_2.0, 8;
    %pushi/vec4 0, 0, 8;
    %assign/vec4 v0x1610c880_0, 0;
T_2.0 ;
    %load/vec4 v0x1610c980_0;
    %flag_set/vec4 8;
    %jmp/0xz  T_2.2, 8;
    %load/vec4 v0x1610c880_0;
    %ix/load 4, 1, 0;
    %flag_set/imm 4, 0;
    %shiftl 4;
    %assign/vec4 v0x1610c880_0, 0;
    %jmp T_2.3;
T_2.2 ;
    %load/vec4 v0x1610ca40_0;
    %flag_set/vec4 8;
    %jmp/0xz  T_2.4, 8;
    %load/vec4 v0x1610c880_0;
    %ix/load 4, 1, 0;
    %flag_set/imm 4, 0;
    %shiftl 4;
    %addi 1, 0, 8;
    %assign/vec4 v0x1610c880_0, 0;
T_2.4 ;
T_2.3 ;
    %jmp T_2;
    .thread T_2;
    .scope S_0x1610cde0;
T_3 ;
    %wait E_0x160f0b50;
    %load/vec4 v0x1610d2c0_0;
    %flag_set/vec4 8;
    %jmp/0xz  T_3.0, 8;
    %pushi/vec4 0, 0, 10;
    %assign/vec4 v0x1610d0c0_0, 0;
    %jmp T_3.1;
T_3.0 ;
    %load/vec4 v0x1610d220_0;
    %flag_set/vec4 8;
    %jmp/0xz  T_3.2, 8;
    %load/vec4 v0x1610cfc0_0;
    %assign/vec4 v0x1610d0c0_0, 0;
T_3.2 ;
T_3.1 ;
    %jmp T_3;
    .thread T_3;
    .scope S_0x1610b720;
T_4 ;
    %wait E_0x160f0b50;
    %load/vec4 v0x1610bb90_0;
    %flag_set/vec4 8;
    %jmp/0xz  T_4.0, 8;
    %pushi/vec4 8, 0, 4;
    %assign/vec4 v0x1610ba00_0, 0;
    %jmp T_4.1;
T_4.0 ;
    %load/vec4 v0x1610bac0_0;
    %flag_set/vec4 8;
    %jmp/0xz  T_4.2, 8;
    %load/vec4 v0x1610ba00_0;
    %subi 1, 0, 4;
    %assign/vec4 v0x1610ba00_0, 0;
T_4.2 ;
T_4.1 ;
    %jmp T_4;
    .thread T_4;
    .scope S_0x1610b2b0;
T_5 ;
    %wait E_0x160f0d90;
    %load/vec4 v0x1610b5e0_0;
    %pad/u 32;
    %cmpi/e 0, 0, 32;
    %jmp/0xz  T_5.0, 4;
    %pushi/vec4 1, 0, 1;
    %store/vec4 v0x1610b500_0, 0, 1;
    %jmp T_5.1;
T_5.0 ;
    %pushi/vec4 0, 0, 1;
    %store/vec4 v0x1610b500_0, 0, 1;
T_5.1 ;
    %jmp T_5;
    .thread T_5, $push;
    .scope S_0x1610db60;
T_6 ;
    %pushi/vec4 0, 0, 1;
    %store/vec4 v0x1610ebf0_0, 0, 1;
    %pushi/vec4 0, 0, 1;
    %store/vec4 v0x1610ed20_0, 0, 1;
    %pushi/vec4 0, 0, 1;
    %store/vec4 v0x1610e710_0, 0, 1;
    %pushi/vec4 0, 0, 1;
    %store/vec4 v0x1610e7d0_0, 0, 1;
    %pushi/vec4 0, 0, 1;
    %store/vec4 v0x1610ee50_0, 0, 1;
    %pushi/vec4 0, 0, 1;
    %store/vec4 v0x1610f090_0, 0, 1;
    %pushi/vec4 0, 0, 1;
    %store/vec4 v0x1610eab0_0, 0, 1;
    %end;
    .thread T_6;
    .scope S_0x1610db60;
T_7 ;
    %wait E_0x1610e6b0;
    %load/vec4 v0x1610eff0_0;
    %flag_set/vec4 8;
    %jmp/0xz  T_7.0, 8;
    %pushi/vec4 0, 0, 4;
    %store/vec4 v0x1610f130_0, 0, 4;
    %jmp T_7.1;
T_7.0 ;
    %load/vec4 v0x1610f130_0;
    %dup/vec4;
    %pushi/vec4 0, 0, 4;
    %cmp/u;
    %jmp/1 T_7.2, 6;
    %dup/vec4;
    %pushi/vec4 1, 0, 4;
    %cmp/u;
    %jmp/1 T_7.3, 6;
    %dup/vec4;
    %pushi/vec4 2, 0, 4;
    %cmp/u;
    %jmp/1 T_7.4, 6;
    %dup/vec4;
    %pushi/vec4 3, 0, 4;
    %cmp/u;
    %jmp/1 T_7.5, 6;
    %dup/vec4;
    %pushi/vec4 4, 0, 4;
    %cmp/u;
    %jmp/1 T_7.6, 6;
    %dup/vec4;
    %pushi/vec4 5, 0, 4;
    %cmp/u;
    %jmp/1 T_7.7, 6;
    %dup/vec4;
    %pushi/vec4 6, 0, 4;
    %cmp/u;
    %jmp/1 T_7.8, 6;
    %dup/vec4;
    %pushi/vec4 8, 0, 4;
    %cmp/u;
    %jmp/1 T_7.9, 6;
    %dup/vec4;
    %pushi/vec4 7, 0, 4;
    %cmp/u;
    %jmp/1 T_7.10, 6;
    %dup/vec4;
    %pushi/vec4 9, 0, 4;
    %cmp/u;
    %jmp/1 T_7.11, 6;
    %dup/vec4;
    %pushi/vec4 10, 0, 4;
    %cmp/u;
    %jmp/1 T_7.12, 6;
    %pushi/vec4 0, 0, 4;
    %store/vec4 v0x1610f130_0, 0, 4;
    %jmp T_7.14;
T_7.2 ;
    %load/vec4 v0x1610eb50_0;
    %flag_set/vec4 8;
    %jmp/0xz  T_7.15, 8;
    %pushi/vec4 0, 0, 5;
    %assign/vec4 v0x1610ea10_0, 0;
    %pushi/vec4 1, 0, 4;
    %store/vec4 v0x1610f130_0, 0, 4;
    %jmp T_7.16;
T_7.15 ;
    %pushi/vec4 0, 0, 4;
    %store/vec4 v0x1610f130_0, 0, 4;
T_7.16 ;
    %jmp T_7.14;
T_7.3 ;
    %pushi/vec4 2, 0, 4;
    %store/vec4 v0x1610f130_0, 0, 4;
    %jmp T_7.14;
T_7.4 ;
    %load/vec4 v0x1610f2b0_0;
    %flag_set/vec4 8;
    %jmp/0xz  T_7.17, 8;
    %pushi/vec4 4, 0, 4;
    %store/vec4 v0x1610f130_0, 0, 4;
    %jmp T_7.18;
T_7.17 ;
    %pushi/vec4 3, 0, 4;
    %store/vec4 v0x1610f130_0, 0, 4;
T_7.18 ;
    %jmp T_7.14;
T_7.5 ;
    %pushi/vec4 4, 0, 4;
    %store/vec4 v0x1610f130_0, 0, 4;
    %jmp T_7.14;
T_7.6 ;
    %pushi/vec4 5, 0, 4;
    %store/vec4 v0x1610f130_0, 0, 4;
    %jmp T_7.14;
T_7.7 ;
    %pushi/vec4 6, 0, 4;
    %store/vec4 v0x1610f130_0, 0, 4;
    %jmp T_7.14;
T_7.8 ;
    %load/vec4 v0x1610ef20_0;
    %flag_set/vec4 8;
    %jmp/0xz  T_7.19, 8;
    %pushi/vec4 8, 0, 4;
    %store/vec4 v0x1610f130_0, 0, 4;
    %jmp T_7.20;
T_7.19 ;
    %pushi/vec4 7, 0, 4;
    %store/vec4 v0x1610f130_0, 0, 4;
T_7.20 ;
    %jmp T_7.14;
T_7.9 ;
    %pushi/vec4 9, 0, 4;
    %store/vec4 v0x1610f130_0, 0, 4;
    %jmp T_7.14;
T_7.10 ;
    %pushi/vec4 9, 0, 4;
    %store/vec4 v0x1610f130_0, 0, 4;
    %jmp T_7.14;
T_7.11 ;
    %load/vec4 v0x1610e870_0;
    %flag_set/vec4 8;
    %jmp/0xz  T_7.21, 8;
    %pushi/vec4 10, 0, 4;
    %store/vec4 v0x1610f130_0, 0, 4;
    %jmp T_7.22;
T_7.21 ;
    %pushi/vec4 5, 0, 4;
    %store/vec4 v0x1610f130_0, 0, 4;
T_7.22 ;
    %jmp T_7.14;
T_7.12 ;
    %load/vec4 v0x1610ea10_0;
    %addi 1, 0, 5;
    %assign/vec4 v0x1610ea10_0, 0;
    %load/vec4 v0x1610ea10_0;
    %pad/u 32;
    %cmpi/e 28, 0, 32;
    %jmp/0xz  T_7.23, 4;
    %pushi/vec4 0, 0, 4;
    %store/vec4 v0x1610f130_0, 0, 4;
    %jmp T_7.24;
T_7.23 ;
    %pushi/vec4 10, 0, 4;
    %store/vec4 v0x1610f130_0, 0, 4;
T_7.24 ;
    %jmp T_7.14;
T_7.14 ;
    %pop/vec4 1;
T_7.1 ;
    %jmp T_7;
    .thread T_7;
    .scope S_0x1610db60;
T_8 ;
    %wait E_0x160f0dd0;
    %load/vec4 v0x1610f130_0;
    %dup/vec4;
    %pushi/vec4 0, 0, 4;
    %cmp/u;
    %jmp/1 T_8.0, 6;
    %dup/vec4;
    %pushi/vec4 1, 0, 4;
    %cmp/u;
    %jmp/1 T_8.1, 6;
    %dup/vec4;
    %pushi/vec4 2, 0, 4;
    %cmp/u;
    %jmp/1 T_8.2, 6;
    %dup/vec4;
    %pushi/vec4 3, 0, 4;
    %cmp/u;
    %jmp/1 T_8.3, 6;
    %dup/vec4;
    %pushi/vec4 4, 0, 4;
    %cmp/u;
    %jmp/1 T_8.4, 6;
    %dup/vec4;
    %pushi/vec4 5, 0, 4;
    %cmp/u;
    %jmp/1 T_8.5, 6;
    %dup/vec4;
    %pushi/vec4 6, 0, 4;
    %cmp/u;
    %jmp/1 T_8.6, 6;
    %dup/vec4;
    %pushi/vec4 8, 0, 4;
    %cmp/u;
    %jmp/1 T_8.7, 6;
    %dup/vec4;
    %pushi/vec4 7, 0, 4;
    %cmp/u;
    %jmp/1 T_8.8, 6;
    %dup/vec4;
    %pushi/vec4 9, 0, 4;
    %cmp/u;
    %jmp/1 T_8.9, 6;
    %dup/vec4;
    %pushi/vec4 10, 0, 4;
    %cmp/u;
    %jmp/1 T_8.10, 6;
    %pushi/vec4 0, 0, 1;
    %store/vec4 v0x1610ebf0_0, 0, 1;
    %pushi/vec4 0, 0, 1;
    %store/vec4 v0x1610ed20_0, 0, 1;
    %pushi/vec4 0, 0, 1;
    %store/vec4 v0x1610e710_0, 0, 1;
    %pushi/vec4 0, 0, 1;
    %store/vec4 v0x1610e7d0_0, 0, 1;
    %pushi/vec4 0, 0, 1;
    %store/vec4 v0x1610ee50_0, 0, 1;
    %pushi/vec4 0, 0, 1;
    %store/vec4 v0x1610f090_0, 0, 1;
    %pushi/vec4 0, 0, 1;
    %store/vec4 v0x1610eab0_0, 0, 1;
    %jmp T_8.12;
T_8.0 ;
    %pushi/vec4 1, 0, 1;
    %store/vec4 v0x1610ebf0_0, 0, 1;
    %pushi/vec4 0, 0, 1;
    %store/vec4 v0x1610ed20_0, 0, 1;
    %pushi/vec4 0, 0, 1;
    %store/vec4 v0x1610e710_0, 0, 1;
    %pushi/vec4 0, 0, 1;
    %store/vec4 v0x1610e7d0_0, 0, 1;
    %pushi/vec4 0, 0, 1;
    %store/vec4 v0x1610ee50_0, 0, 1;
    %pushi/vec4 0, 0, 1;
    %store/vec4 v0x1610f090_0, 0, 1;
    %pushi/vec4 0, 0, 1;
    %store/vec4 v0x1610eab0_0, 0, 1;
    %jmp T_8.12;
T_8.1 ;
    %pushi/vec4 0, 0, 1;
    %store/vec4 v0x1610ebf0_0, 0, 1;
    %pushi/vec4 0, 0, 1;
    %store/vec4 v0x1610ed20_0, 0, 1;
    %pushi/vec4 0, 0, 1;
    %store/vec4 v0x1610e710_0, 0, 1;
    %pushi/vec4 0, 0, 1;
    %store/vec4 v0x1610e7d0_0, 0, 1;
    %pushi/vec4 0, 0, 1;
    %store/vec4 v0x1610ee50_0, 0, 1;
    %pushi/vec4 1, 0, 1;
    %store/vec4 v0x1610f090_0, 0, 1;
    %pushi/vec4 0, 0, 1;
    %store/vec4 v0x1610eab0_0, 0, 1;
    %jmp T_8.12;
T_8.2 ;
    %pushi/vec4 0, 0, 1;
    %store/vec4 v0x1610ebf0_0, 0, 1;
    %pushi/vec4 0, 0, 1;
    %store/vec4 v0x1610ed20_0, 0, 1;
    %pushi/vec4 0, 0, 1;
    %store/vec4 v0x1610e710_0, 0, 1;
    %pushi/vec4 0, 0, 1;
    %store/vec4 v0x1610e7d0_0, 0, 1;
    %pushi/vec4 0, 0, 1;
    %store/vec4 v0x1610ee50_0, 0, 1;
    %pushi/vec4 0, 0, 1;
    %store/vec4 v0x1610f090_0, 0, 1;
    %pushi/vec4 0, 0, 1;
    %store/vec4 v0x1610eab0_0, 0, 1;
    %jmp T_8.12;
T_8.3 ;
    %pushi/vec4 0, 0, 1;
    %store/vec4 v0x1610ebf0_0, 0, 1;
    %pushi/vec4 0, 0, 1;
    %store/vec4 v0x1610ed20_0, 0, 1;
    %pushi/vec4 0, 0, 1;
    %store/vec4 v0x1610e710_0, 0, 1;
    %pushi/vec4 1, 0, 1;
    %store/vec4 v0x1610e7d0_0, 0, 1;
    %pushi/vec4 0, 0, 1;
    %store/vec4 v0x1610ee50_0, 0, 1;
    %pushi/vec4 0, 0, 1;
    %store/vec4 v0x1610f090_0, 0, 1;
    %pushi/vec4 0, 0, 1;
    %store/vec4 v0x1610eab0_0, 0, 1;
    %jmp T_8.12;
T_8.4 ;
    %pushi/vec4 0, 0, 1;
    %store/vec4 v0x1610ebf0_0, 0, 1;
    %pushi/vec4 1, 0, 1;
    %store/vec4 v0x1610ed20_0, 0, 1;
    %pushi/vec4 0, 0, 1;
    %store/vec4 v0x1610e710_0, 0, 1;
    %pushi/vec4 0, 0, 1;
    %store/vec4 v0x1610e7d0_0, 0, 1;
    %pushi/vec4 0, 0, 1;
    %store/vec4 v0x1610ee50_0, 0, 1;
    %pushi/vec4 0, 0, 1;
    %store/vec4 v0x1610f090_0, 0, 1;
    %pushi/vec4 0, 0, 1;
    %store/vec4 v0x1610eab0_0, 0, 1;
    %jmp T_8.12;
T_8.5 ;
    %pushi/vec4 0, 0, 1;
    %store/vec4 v0x1610ebf0_0, 0, 1;
    %pushi/vec4 0, 0, 1;
    %store/vec4 v0x1610ed20_0, 0, 1;
    %pushi/vec4 0, 0, 1;
    %store/vec4 v0x1610e710_0, 0, 1;
    %pushi/vec4 0, 0, 1;
    %store/vec4 v0x1610e7d0_0, 0, 1;
    %pushi/vec4 1, 0, 1;
    %store/vec4 v0x1610ee50_0, 0, 1;
    %pushi/vec4 1, 0, 1;
    %store/vec4 v0x1610f090_0, 0, 1;
    %pushi/vec4 0, 0, 1;
    %store/vec4 v0x1610eab0_0, 0, 1;
    %jmp T_8.12;
T_8.6 ;
    %pushi/vec4 0, 0, 1;
    %store/vec4 v0x1610ebf0_0, 0, 1;
    %pushi/vec4 0, 0, 1;
    %store/vec4 v0x1610ed20_0, 0, 1;
    %pushi/vec4 0, 0, 1;
    %store/vec4 v0x1610e710_0, 0, 1;
    %pushi/vec4 0, 0, 1;
    %store/vec4 v0x1610e7d0_0, 0, 1;
    %pushi/vec4 0, 0, 1;
    %store/vec4 v0x1610ee50_0, 0, 1;
    %pushi/vec4 0, 0, 1;
    %store/vec4 v0x1610f090_0, 0, 1;
    %pushi/vec4 0, 0, 1;
    %store/vec4 v0x1610eab0_0, 0, 1;
    %jmp T_8.12;
T_8.7 ;
    %pushi/vec4 0, 0, 1;
    %store/vec4 v0x1610ebf0_0, 0, 1;
    %pushi/vec4 0, 0, 1;
    %store/vec4 v0x1610ed20_0, 0, 1;
    %pushi/vec4 1, 0, 1;
    %store/vec4 v0x1610e710_0, 0, 1;
    %pushi/vec4 0, 0, 1;
    %store/vec4 v0x1610e7d0_0, 0, 1;
    %pushi/vec4 0, 0, 1;
    %store/vec4 v0x1610ee50_0, 0, 1;
    %pushi/vec4 0, 0, 1;
    %store/vec4 v0x1610f090_0, 0, 1;
    %pushi/vec4 0, 0, 1;
    %store/vec4 v0x1610eab0_0, 0, 1;
    %jmp T_8.12;
T_8.8 ;
    %pushi/vec4 0, 0, 1;
    %store/vec4 v0x1610ebf0_0, 0, 1;
    %pushi/vec4 1, 0, 1;
    %store/vec4 v0x1610ed20_0, 0, 1;
    %pushi/vec4 0, 0, 1;
    %store/vec4 v0x1610e710_0, 0, 1;
    %pushi/vec4 1, 0, 1;
    %store/vec4 v0x1610e7d0_0, 0, 1;
    %pushi/vec4 0, 0, 1;
    %store/vec4 v0x1610ee50_0, 0, 1;
    %pushi/vec4 0, 0, 1;
    %store/vec4 v0x1610f090_0, 0, 1;
    %pushi/vec4 0, 0, 1;
    %store/vec4 v0x1610eab0_0, 0, 1;
    %jmp T_8.12;
T_8.9 ;
    %pushi/vec4 0, 0, 1;
    %store/vec4 v0x1610ebf0_0, 0, 1;
    %pushi/vec4 0, 0, 1;
    %store/vec4 v0x1610ed20_0, 0, 1;
    %pushi/vec4 0, 0, 1;
    %store/vec4 v0x1610e710_0, 0, 1;
    %pushi/vec4 0, 0, 1;
    %store/vec4 v0x1610e7d0_0, 0, 1;
    %pushi/vec4 0, 0, 1;
    %store/vec4 v0x1610ee50_0, 0, 1;
    %pushi/vec4 0, 0, 1;
    %store/vec4 v0x1610f090_0, 0, 1;
    %pushi/vec4 0, 0, 1;
    %store/vec4 v0x1610eab0_0, 0, 1;
    %jmp T_8.12;
T_8.10 ;
    %pushi/vec4 0, 0, 1;
    %store/vec4 v0x1610ebf0_0, 0, 1;
    %pushi/vec4 0, 0, 1;
    %store/vec4 v0x1610ed20_0, 0, 1;
    %pushi/vec4 0, 0, 1;
    %store/vec4 v0x1610e710_0, 0, 1;
    %pushi/vec4 0, 0, 1;
    %store/vec4 v0x1610e7d0_0, 0, 1;
    %pushi/vec4 0, 0, 1;
    %store/vec4 v0x1610ee50_0, 0, 1;
    %pushi/vec4 0, 0, 1;
    %store/vec4 v0x1610f090_0, 0, 1;
    %pushi/vec4 1, 0, 1;
    %store/vec4 v0x1610eab0_0, 0, 1;
    %jmp T_8.12;
T_8.12 ;
    %pop/vec4 1;
    %jmp T_8;
    .thread T_8, $push;
    .scope S_0x1610db60;
T_9 ;
    %wait E_0x160f0dd0;
    %load/vec4 v0x1610f130_0;
    %dup/vec4;
    %pushi/vec4 0, 0, 4;
    %cmp/u;
    %jmp/1 T_9.0, 6;
    %dup/vec4;
    %pushi/vec4 1, 0, 4;
    %cmp/u;
    %jmp/1 T_9.1, 6;
    %dup/vec4;
    %pushi/vec4 2, 0, 4;
    %cmp/u;
    %jmp/1 T_9.2, 6;
    %dup/vec4;
    %pushi/vec4 3, 0, 4;
    %cmp/u;
    %jmp/1 T_9.3, 6;
    %dup/vec4;
    %pushi/vec4 4, 0, 4;
    %cmp/u;
    %jmp/1 T_9.4, 6;
    %dup/vec4;
    %pushi/vec4 5, 0, 4;
    %cmp/u;
    %jmp/1 T_9.5, 6;
    %dup/vec4;
    %pushi/vec4 6, 0, 4;
    %cmp/u;
    %jmp/1 T_9.6, 6;
    %dup/vec4;
    %pushi/vec4 7, 0, 4;
    %cmp/u;
    %jmp/1 T_9.7, 6;
    %dup/vec4;
    %pushi/vec4 8, 0, 4;
    %cmp/u;
    %jmp/1 T_9.8, 6;
    %dup/vec4;
    %pushi/vec4 9, 0, 4;
    %cmp/u;
    %jmp/1 T_9.9, 6;
    %dup/vec4;
    %pushi/vec4 10, 0, 4;
    %cmp/u;
    %jmp/1 T_9.10, 6;
    %jmp T_9.11;
T_9.0 ;
    %pushi/vec4 0, 0, 32; draw_string_vec4
    %pushi/vec4 0, 0, 32; draw_string_vec4
    %concat/vec4; draw_string_vec4
    %pushi/vec4 0, 0, 32; draw_string_vec4
    %concat/vec4; draw_string_vec4
    %pushi/vec4 0, 0, 32; draw_string_vec4
    %concat/vec4; draw_string_vec4
    %pushi/vec4 0, 0, 32; draw_string_vec4
    %concat/vec4; draw_string_vec4
    %pushi/vec4 0, 0, 32; draw_string_vec4
    %concat/vec4; draw_string_vec4
    %pushi/vec4 0, 0, 32; draw_string_vec4
    %concat/vec4; draw_string_vec4
    %pushi/vec4 0, 0, 32; draw_string_vec4
    %concat/vec4; draw_string_vec4
    %pushi/vec4 0, 0, 32; draw_string_vec4
    %concat/vec4; draw_string_vec4
    %pushi/vec4 1229867348, 0, 32; draw_string_vec4
    %concat/vec4; draw_string_vec4
    %store/vec4 v0x1610f1d0_0, 0, 320;
    %jmp T_9.11;
T_9.1 ;
    %pushi/vec4 0, 0, 32; draw_string_vec4
    %pushi/vec4 0, 0, 32; draw_string_vec4
    %concat/vec4; draw_string_vec4
    %pushi/vec4 0, 0, 32; draw_string_vec4
    %concat/vec4; draw_string_vec4
    %pushi/vec4 0, 0, 32; draw_string_vec4
    %concat/vec4; draw_string_vec4
    %pushi/vec4 0, 0, 32; draw_string_vec4
    %concat/vec4; draw_string_vec4
    %pushi/vec4 0, 0, 32; draw_string_vec4
    %concat/vec4; draw_string_vec4
    %pushi/vec4 0, 0, 32; draw_string_vec4
    %concat/vec4; draw_string_vec4
    %pushi/vec4 5457993, 0, 32; draw_string_vec4
    %concat/vec4; draw_string_vec4
    %pushi/vec4 1179934531, 0, 32; draw_string_vec4
    %concat/vec4; draw_string_vec4
    %pushi/vec4 1330990676, 0, 32; draw_string_vec4
    %concat/vec4; draw_string_vec4
    %store/vec4 v0x1610f1d0_0, 0, 320;
    %jmp T_9.11;
T_9.2 ;
    %pushi/vec4 0, 0, 32; draw_string_vec4
    %pushi/vec4 0, 0, 32; draw_string_vec4
    %concat/vec4; draw_string_vec4
    %pushi/vec4 0, 0, 32; draw_string_vec4
    %concat/vec4; draw_string_vec4
    %pushi/vec4 0, 0, 32; draw_string_vec4
    %concat/vec4; draw_string_vec4
    %pushi/vec4 0, 0, 32; draw_string_vec4
    %concat/vec4; draw_string_vec4
    %pushi/vec4 0, 0, 32; draw_string_vec4
    %concat/vec4; draw_string_vec4
    %pushi/vec4 0, 0, 32; draw_string_vec4
    %concat/vec4; draw_string_vec4
    %pushi/vec4 0, 0, 32; draw_string_vec4
    %concat/vec4; draw_string_vec4
    %pushi/vec4 17224, 0, 32; draw_string_vec4
    %concat/vec4; draw_string_vec4
    %pushi/vec4 1162038064, 0, 32; draw_string_vec4
    %concat/vec4; draw_string_vec4
    %store/vec4 v0x1610f1d0_0, 0, 320;
    %jmp T_9.11;
T_9.3 ;
    %pushi/vec4 0, 0, 32; draw_string_vec4
    %pushi/vec4 0, 0, 32; draw_string_vec4
    %concat/vec4; draw_string_vec4
    %pushi/vec4 0, 0, 32; draw_string_vec4
    %concat/vec4; draw_string_vec4
    %pushi/vec4 0, 0, 32; draw_string_vec4
    %concat/vec4; draw_string_vec4
    %pushi/vec4 0, 0, 32; draw_string_vec4
    %concat/vec4; draw_string_vec4
    %pushi/vec4 0, 0, 32; draw_string_vec4
    %concat/vec4; draw_string_vec4
    %pushi/vec4 0, 0, 32; draw_string_vec4
    %concat/vec4; draw_string_vec4
    %pushi/vec4 0, 0, 32; draw_string_vec4
    %concat/vec4; draw_string_vec4
    %pushi/vec4 0, 0, 32; draw_string_vec4
    %concat/vec4; draw_string_vec4
    %pushi/vec4 5398321, 0, 32; draw_string_vec4
    %concat/vec4; draw_string_vec4
    %store/vec4 v0x1610f1d0_0, 0, 320;
    %jmp T_9.11;
T_9.4 ;
    %pushi/vec4 0, 0, 32; draw_string_vec4
    %pushi/vec4 0, 0, 32; draw_string_vec4
    %concat/vec4; draw_string_vec4
    %pushi/vec4 0, 0, 32; draw_string_vec4
    %concat/vec4; draw_string_vec4
    %pushi/vec4 0, 0, 32; draw_string_vec4
    %concat/vec4; draw_string_vec4
    %pushi/vec4 0, 0, 32; draw_string_vec4
    %concat/vec4; draw_string_vec4
    %pushi/vec4 0, 0, 32; draw_string_vec4
    %concat/vec4; draw_string_vec4
    %pushi/vec4 0, 0, 32; draw_string_vec4
    %concat/vec4; draw_string_vec4
    %pushi/vec4 0, 0, 32; draw_string_vec4
    %concat/vec4; draw_string_vec4
    %pushi/vec4 1431323713, 0, 32; draw_string_vec4
    %concat/vec4; draw_string_vec4
    %pushi/vec4 1413832513, 0, 32; draw_string_vec4
    %concat/vec4; draw_string_vec4
    %store/vec4 v0x1610f1d0_0, 0, 320;
    %jmp T_9.11;
T_9.5 ;
    %pushi/vec4 0, 0, 32; draw_string_vec4
    %pushi/vec4 0, 0, 32; draw_string_vec4
    %concat/vec4; draw_string_vec4
    %pushi/vec4 0, 0, 32; draw_string_vec4
    %concat/vec4; draw_string_vec4
    %pushi/vec4 0, 0, 32; draw_string_vec4
    %concat/vec4; draw_string_vec4
    %pushi/vec4 0, 0, 32; draw_string_vec4
    %concat/vec4; draw_string_vec4
    %pushi/vec4 0, 0, 32; draw_string_vec4
    %concat/vec4; draw_string_vec4
    %pushi/vec4 0, 0, 32; draw_string_vec4
    %concat/vec4; draw_string_vec4
    %pushi/vec4 0, 0, 32; draw_string_vec4
    %concat/vec4; draw_string_vec4
    %pushi/vec4 5398355, 0, 32; draw_string_vec4
    %concat/vec4; draw_string_vec4
    %pushi/vec4 1212761684, 0, 32; draw_string_vec4
    %concat/vec4; draw_string_vec4
    %store/vec4 v0x1610f1d0_0, 0, 320;
    %jmp T_9.11;
T_9.6 ;
    %pushi/vec4 0, 0, 32; draw_string_vec4
    %pushi/vec4 0, 0, 32; draw_string_vec4
    %concat/vec4; draw_string_vec4
    %pushi/vec4 0, 0, 32; draw_string_vec4
    %concat/vec4; draw_string_vec4
    %pushi/vec4 0, 0, 32; draw_string_vec4
    %concat/vec4; draw_string_vec4
    %pushi/vec4 0, 0, 32; draw_string_vec4
    %concat/vec4; draw_string_vec4
    %pushi/vec4 0, 0, 32; draw_string_vec4
    %concat/vec4; draw_string_vec4
    %pushi/vec4 0, 0, 32; draw_string_vec4
    %concat/vec4; draw_string_vec4
    %pushi/vec4 0, 0, 32; draw_string_vec4
    %concat/vec4; draw_string_vec4
    %pushi/vec4 17224, 0, 32; draw_string_vec4
    %concat/vec4; draw_string_vec4
    %pushi/vec4 1162038065, 0, 32; draw_string_vec4
    %concat/vec4; draw_string_vec4
    %store/vec4 v0x1610f1d0_0, 0, 320;
    %jmp T_9.11;
T_9.7 ;
    %pushi/vec4 0, 0, 32; draw_string_vec4
    %pushi/vec4 0, 0, 32; draw_string_vec4
    %concat/vec4; draw_string_vec4
    %pushi/vec4 0, 0, 32; draw_string_vec4
    %concat/vec4; draw_string_vec4
    %pushi/vec4 0, 0, 32; draw_string_vec4
    %concat/vec4; draw_string_vec4
    %pushi/vec4 0, 0, 32; draw_string_vec4
    %concat/vec4; draw_string_vec4
    %pushi/vec4 0, 0, 32; draw_string_vec4
    %concat/vec4; draw_string_vec4
    %pushi/vec4 0, 0, 32; draw_string_vec4
    %concat/vec4; draw_string_vec4
    %pushi/vec4 1381970271, 0, 32; draw_string_vec4
    %concat/vec4; draw_string_vec4
    %pushi/vec4 1431323713, 0, 32; draw_string_vec4
    %concat/vec4; draw_string_vec4
    %pushi/vec4 1413832513, 0, 32; draw_string_vec4
    %concat/vec4; draw_string_vec4
    %store/vec4 v0x1610f1d0_0, 0, 320;
    %jmp T_9.11;
T_9.8 ;
    %pushi/vec4 0, 0, 32; draw_string_vec4
    %pushi/vec4 0, 0, 32; draw_string_vec4
    %concat/vec4; draw_string_vec4
    %pushi/vec4 0, 0, 32; draw_string_vec4
    %concat/vec4; draw_string_vec4
    %pushi/vec4 0, 0, 32; draw_string_vec4
    %concat/vec4; draw_string_vec4
    %pushi/vec4 0, 0, 32; draw_string_vec4
    %concat/vec4; draw_string_vec4
    %pushi/vec4 0, 0, 32; draw_string_vec4
    %concat/vec4; draw_string_vec4
    %pushi/vec4 0, 0, 32; draw_string_vec4
    %concat/vec4; draw_string_vec4
    %pushi/vec4 0, 0, 32; draw_string_vec4
    %concat/vec4; draw_string_vec4
    %pushi/vec4 0, 0, 32; draw_string_vec4
    %concat/vec4; draw_string_vec4
    %pushi/vec4 5398320, 0, 32; draw_string_vec4
    %concat/vec4; draw_string_vec4
    %store/vec4 v0x1610f1d0_0, 0, 320;
    %jmp T_9.11;
T_9.9 ;
    %pushi/vec4 0, 0, 32; draw_string_vec4
    %pushi/vec4 0, 0, 32; draw_string_vec4
    %concat/vec4; draw_string_vec4
    %pushi/vec4 0, 0, 32; draw_string_vec4
    %concat/vec4; draw_string_vec4
    %pushi/vec4 0, 0, 32; draw_string_vec4
    %concat/vec4; draw_string_vec4
    %pushi/vec4 0, 0, 32; draw_string_vec4
    %concat/vec4; draw_string_vec4
    %pushi/vec4 0, 0, 32; draw_string_vec4
    %concat/vec4; draw_string_vec4
    %pushi/vec4 0, 0, 32; draw_string_vec4
    %concat/vec4; draw_string_vec4
    %pushi/vec4 0, 0, 32; draw_string_vec4
    %concat/vec4; draw_string_vec4
    %pushi/vec4 17224, 0, 32; draw_string_vec4
    %concat/vec4; draw_string_vec4
    %pushi/vec4 1162038066, 0, 32; draw_string_vec4
    %concat/vec4; draw_string_vec4
    %store/vec4 v0x1610f1d0_0, 0, 320;
    %jmp T_9.11;
T_9.10 ;
    %pushi/vec4 0, 0, 32; draw_string_vec4
    %pushi/vec4 0, 0, 32; draw_string_vec4
    %concat/vec4; draw_string_vec4
    %pushi/vec4 0, 0, 32; draw_string_vec4
    %concat/vec4; draw_string_vec4
    %pushi/vec4 0, 0, 32; draw_string_vec4
    %concat/vec4; draw_string_vec4
    %pushi/vec4 0, 0, 32; draw_string_vec4
    %concat/vec4; draw_string_vec4
    %pushi/vec4 0, 0, 32; draw_string_vec4
    %concat/vec4; draw_string_vec4
    %pushi/vec4 0, 0, 32; draw_string_vec4
    %concat/vec4; draw_string_vec4
    %pushi/vec4 0, 0, 32; draw_string_vec4
    %concat/vec4; draw_string_vec4
    %pushi/vec4 0, 0, 32; draw_string_vec4
    %concat/vec4; draw_string_vec4
    %pushi/vec4 4542020, 0, 32; draw_string_vec4
    %concat/vec4; draw_string_vec4
    %store/vec4 v0x1610f1d0_0, 0, 320;
    %jmp T_9.11;
T_9.11 ;
    %pop/vec4 1;
    %jmp T_9;
    .thread T_9, $push;
    .scope S_0x160eb160;
T_10 ;
T_10.0 ;
    %wait E_0x160d3030;
    %wait E_0x160f0b50;
    %pushi/vec4 1, 0, 1;
    %store/vec4 v0x16110a40_0, 0, 1;
    %wait E_0x160f0b50;
    %pushi/vec4 0, 0, 1;
    %store/vec4 v0x16110a40_0, 0, 1;
    %event E_0x16095340;
    %jmp T_10.0;
T_10.1 ;
    %end;
    .thread T_10;
    .scope S_0x160eb160;
T_11 ;
    %pushi/vec4 0, 0, 1;
    %store/vec4 v0x161106c0_0, 0, 1;
    %pushi/vec4 1, 0, 1;
    %store/vec4 v0x16110a40_0, 0, 1;
    %pushi/vec4 0, 0, 1;
    %store/vec4 v0x16110b80_0, 0, 1;
    %pushi/vec4 97, 0, 16;
    %store/vec4 v0x16110930_0, 0, 16;
    %end;
    .thread T_11;
    .scope S_0x160eb160;
T_12 ;
    %delay 0, 0;
T_12.0 ;
    %pushi/vec4 0, 0, 1;
    %store/vec4 v0x161106c0_0, 0, 1;
    %delay 10, 0;
    %pushi/vec4 1, 0, 1;
    %store/vec4 v0x161106c0_0, 0, 1;
    %delay 10, 0;
    %jmp T_12.0;
T_12.1 ;
    %end;
    .thread T_12;
    .scope S_0x160eb160;
T_13 ;
    %delay 10, 0;
    %event E_0x160d3030;
    %wait E_0x16095340;
    %wait E_0x1610e6b0;
    %pushi/vec4 0, 0, 1;
    %store/vec4 v0x16110b80_0, 0, 1;
    %wait E_0x1610e6b0;
    %pushi/vec4 1, 0, 1;
    %store/vec4 v0x16110b80_0, 0, 1;
    %pushi/vec4 0, 0, 21;
    %store/vec4 v0x16110890_0, 0, 21;
T_13.0 ; Top of for-loop 
    %load/vec4 v0x16110890_0;
    %pad/u 32;
    %cmpi/u 2, 0, 32;
    %jmp/0xz T_13.1, 5;
    %wait E_0x1610e6b0;
T_13.2 ; for-loop step statement
    %load/vec4 v0x16110890_0;
    %addi 1, 0, 21;
    %store/vec4 v0x16110890_0, 0, 21;
    %jmp T_13.0;
T_13.1 ; for-loop exit label
    %pushi/vec4 0, 0, 1;
    %store/vec4 v0x16110b80_0, 0, 1;
    %pushi/vec4 0, 0, 21;
    %store/vec4 v0x16110890_0, 0, 21;
T_13.3 ; Top of for-loop 
    %load/vec4 v0x16110890_0;
    %pad/u 32;
    %cmpi/u 17, 0, 32;
    %jmp/0xz T_13.4, 5;
    %wait E_0x1610e6b0;
T_13.5 ; for-loop step statement
    %load/vec4 v0x16110890_0;
    %addi 1, 0, 21;
    %store/vec4 v0x16110890_0, 0, 21;
    %jmp T_13.3;
T_13.4 ; for-loop exit label
    %end;
    .thread T_13;
    .scope S_0x160eb160;
T_14 ;
    %fork t_1, S_0x160d3490;
    %jmp t_0;
    .scope S_0x160d3490;
t_1 ;
    %vpi_call 2 110 "$dumpfile", "sqrt_TB.vcd" {0 0 0};
    %vpi_call 2 111 "$dumpvars", 32'sb11111111111111111111111111111111, S_0x160d3620 {0 0 0};
    %delay 1200, 0;
    %vpi_call 2 113 "$finish" {0 0 0};
    %end;
    .scope S_0x160eb160;
t_0 %join;
    %end;
    .thread T_14;
# The file index is used to find the file name in the following table.
:file_names 13;
    "N/A";
    "<interactive>";
    "sqrt_TB.v";
    "sqrt.v";
    "comp.v";
    "comp1.v";
    "comp_count.v";
    "count.v";
    "regA.v";
    "regR.v";
    "regR1.v";
    "restar.v";
    "state_machinesqrt.v";
# EOF
